Component: ARM Compiler 5.06 update 6 (build 750) Tool: armlink [4d35ed]

==============================================================================

Section Cross References

    bluenrg1_adc.o(i.ADC_ConvertBatterySensor) refers to bluenrg1_adc.o(i.ADC_ConvertSingleEndedVoltage) for ADC_ConvertSingleEndedVoltage
    bluenrg1_adc.o(i.ADC_ConvertBatterySensor) refers to fmul.o(x$fpl$fmul) for __aeabi_fmul
    bluenrg1_adc.o(i.ADC_ConvertDifferentialVoltage) refers to fflti.o(.text) for __aeabi_ui2f
    bluenrg1_adc.o(i.ADC_ConvertDifferentialVoltage) refers to fdiv.o(.text) for __aeabi_fdiv
    bluenrg1_adc.o(i.ADC_ConvertDifferentialVoltage) refers to faddsub.o(x$fpl$fadd) for __aeabi_fadd
    bluenrg1_adc.o(i.ADC_ConvertDifferentialVoltage) refers to fmul.o(x$fpl$fmul) for __aeabi_fmul
    bluenrg1_adc.o(i.ADC_ConvertSingleEndedVoltage) refers to fflti.o(.text) for __aeabi_i2f
    bluenrg1_adc.o(i.ADC_ConvertSingleEndedVoltage) refers to faddsub.o(x$fpl$fadd) for __aeabi_fadd
    bluenrg1_adc.o(i.ADC_ConvertSingleEndedVoltage) refers to f2d.o(.text) for __aeabi_f2d
    bluenrg1_adc.o(i.ADC_ConvertSingleEndedVoltage) refers to fdiv.o(.text) for __aeabi_fdiv
    bluenrg1_adc.o(i.ADC_ConvertSingleEndedVoltage) refers to fmul.o(x$fpl$fmul) for __aeabi_fmul
    bluenrg1_adc.o(i.ADC_ConvertSingleEndedVoltage) refers to daddsub.o(.text) for __aeabi_drsub
    bluenrg1_adc.o(i.ADC_ConvertSingleEndedVoltage) refers to dmul.o(.text) for __aeabi_dmul
    bluenrg1_adc.o(i.ADC_ConvertSingleEndedVoltage) refers to d2f.o(.text) for __aeabi_d2f
    bluenrg1_adc.o(i.ADC_ConvertTemperatureSensor) refers to bluenrg1_adc.o(i.ADC_ConvertSingleEndedVoltage) for ADC_ConvertSingleEndedVoltage
    bluenrg1_adc.o(i.ADC_ConvertTemperatureSensor) refers to fmul.o(x$fpl$fmul) for __aeabi_fmul
    bluenrg1_adc.o(i.ADC_ConvertTemperatureSensor) refers to faddsub.o(x$fpl$fsub) for __aeabi_fsub
    bluenrg1_adc.o(i.ADC_ConvertTemperatureSensorFarenait) refers to bluenrg1_adc.o(i.ADC_ConvertSingleEndedVoltage) for ADC_ConvertSingleEndedVoltage
    bluenrg1_adc.o(i.ADC_ConvertTemperatureSensorFarenait) refers to f2d.o(.text) for __aeabi_f2d
    bluenrg1_adc.o(i.ADC_ConvertTemperatureSensorFarenait) refers to dmul.o(.text) for __aeabi_dmul
    bluenrg1_adc.o(i.ADC_ConvertTemperatureSensorFarenait) refers to daddsub.o(.text) for __aeabi_dsub
    bluenrg1_adc.o(i.ADC_ConvertTemperatureSensorFarenait) refers to d2f.o(.text) for __aeabi_d2f
    bluenrg1_adc.o(i.ADC_GetConvertedData) refers to bluenrg1_adc.o(i.ADC_GetRawData) for ADC_GetRawData
    bluenrg1_adc.o(i.ADC_GetConvertedData) refers to fflti.o(.text) for __aeabi_i2f
    bluenrg1_adc.o(i.ADC_GetConvertedData) refers to bluenrg1_adc.o(i.ADC_ConvertSingleEndedVoltage) for ADC_ConvertSingleEndedVoltage
    bluenrg1_adc.o(i.ADC_GetConvertedData) refers to bluenrg1_adc.o(i.ADC_ConvertDifferentialVoltage) for ADC_ConvertDifferentialVoltage
    bluenrg1_adc.o(i.ADC_GetConvertedData) refers to bluenrg1_adc.o(i.ADC_ConvertBatterySensor) for ADC_ConvertBatterySensor
    bluenrg1_adc.o(i.ADC_GetConvertedData) refers to bluenrg1_adc.o(i.ADC_ConvertTemperatureSensor) for ADC_ConvertTemperatureSensor
    bluenrg1_flash.o(i.FLASH_EraseAllFlash) refers to bluenrg1_flash.o(i.FLASH_WaitCmdDone) for FLASH_WaitCmdDone
    bluenrg1_flash.o(i.FLASH_EraseAllFlash) refers to system_bluenrg1.o(.flash_sw_lock) for flash_sw_lock
    bluenrg1_flash.o(i.FLASH_ErasePage) refers to bluenrg1_flash.o(i.FLASH_WaitCmdDone) for FLASH_WaitCmdDone
    bluenrg1_flash.o(i.FLASH_ErasePage) refers to system_bluenrg1.o(.flash_sw_lock) for flash_sw_lock
    bluenrg1_flash.o(i.FLASH_Lock) refers to system_bluenrg1.o(.flash_sw_lock) for flash_sw_lock
    bluenrg1_flash.o(i.FLASH_ProgramWord) refers to bluenrg1_flash.o(i.FLASH_WaitCmdDone) for FLASH_WaitCmdDone
    bluenrg1_flash.o(i.FLASH_ProgramWord) refers to system_bluenrg1.o(.flash_sw_lock) for flash_sw_lock
    bluenrg1_flash.o(i.FLASH_ProgramWordBurst) refers to bluenrg1_flash.o(i.FLASH_WaitCmdDone) for FLASH_WaitCmdDone
    bluenrg1_flash.o(i.FLASH_ProgramWordBurst) refers to system_bluenrg1.o(.flash_sw_lock) for flash_sw_lock
    bluenrg1_flash.o(i.FLASH_Unlock) refers to system_bluenrg1.o(.flash_sw_lock) for flash_sw_lock
    bluenrg1_i2c.o(i.I2C_Init) refers to aeabi_sdivfast.o(.text) for __aeabi_uidivmod
    bluenrg1_i2c.o(i.I2C_Init) refers to bluenrg1_i2c.o(.data) for .data
    bluenrg1_spi.o(i.SPI_ClearRXFIFO) refers to bluenrg1_spi.o(i.SPI_GetFlagStatus) for SPI_GetFlagStatus
    bluenrg1_spi.o(i.SPI_Init) refers to bluenrg1_spi.o(i.SPI_SetBaudrate) for SPI_SetBaudrate
    bluenrg1_spi.o(i.SPI_SetBaudrate) refers to aeabi_sdivfast.o(.text) for __aeabi_uidivmod
    bluenrg1_uart.o(i.UART_Init) refers to aeabi_sdivfast.o(.text) for __aeabi_uidivmod
    bluenrg1_uart.o(i.UART_RXTimeoutConfig) refers to aeabi_sdivfast.o(.text) for __aeabi_uidivmod
    sdk_eval_com.o(i.Read_Buffer_Pop) refers to sdk_eval_com.o(.data) for .data
[...]
    0x1006fb32   0x1006fb32   0x00000002   PAD
    0x1006fb34   0x1006fb34   0x00000128   Code   RO         3751    i.IDD_Initialize_Device_IDs  libbluenrg1_stack.a(device_id_data.o)
    0x1006fc5c   0x1006fc5c   0x00000044   Code   RO         3195    i.Ind_Service_Change_Charac  libbluenrg1_stack.a(gatt_server.o)
    0x1006fca0   0x1006fca0   0x00000018   Code   RO         3491    i.Is_Address_Initialized  libbluenrg1_stack.a(rom_ll_ll_routines.o)
    0x1006fcb8   0x1006fcb8   0x00000010   Code   RO         3413    i.Is_Flash_Write_On_Going  libbluenrg1_stack.a(nvm.o)
    0x1006fcc8   0x1006fcc8   0x0000007c   Code   RO         3252    i.L2C_Build_Command_Reject_Pdu  libbluenrg1_stack.a(l2cap.o)
    0x1006fd44   0x1006fd44   0x00000024   Code   RO         3255    i.L2C_Connection_Complete_Handler  libbluenrg1_stack.a(l2cap.o)
    0x1006fd68   0x1006fd68   0x0000002a   Code   RO         3256    i.L2C_Connection_Complete_Signal_Handler  libbluenrg1_stack.a(l2cap.o)
    0x1006fd92   0x1006fd92   0x00000002   PAD
    0x1006fd94   0x1006fd94   0x00000034   Code   RO         3257    i.L2C_Get_Connection_Info  libbluenrg1_stack.a(l2cap.o)
    0x1006fdc8   0x1006fdc8   0x00000030   Code   RO         3258    i.L2C_Get_Connection_Info_Index  libbluenrg1_stack.a(l2cap.o)
    0x1006fdf8   0x1006fdf8   0x0000000e   Code   RO         3259    i.L2C_Get_PDU_Len   libbluenrg1_stack.a(l2cap.o)
    0x1006fe06   0x1006fe06   0x00000002   PAD
    0x1006fe08   0x1006fe08   0x00000058   Code   RO         3260    i.L2C_Init          libbluenrg1_stack.a(l2cap.o)
    0x1006fe60   0x1006fe60   0x00000058   Code   RO         3261    i.L2C_Mux_Acl_Packet  libbluenrg1_stack.a(l2cap.o)
    0x1006feb8   0x1006feb8   0x000000a6   Code   RO         3262    i.L2C_Rcv_Data      libbluenrg1_stack.a(l2cap.o)
    0x1006ff5e   0x1006ff5e   0x0000001e   Code   RO         3263    i.L2C_Rcv_Event_Handler  libbluenrg1_stack.a(l2cap.o)
    0x1006ff7c   0x1006ff7c   0x00000052   Code   RO         3264    i.L2C_Rcv_Event_Handler_ISR  libbluenrg1_stack.a(l2cap.o)
    0x1006ffce   0x1006ffce   0x00000002   PAD
    0x1006ffd0   0x1006ffd0   0x0000007c   Code   RO         3265    i.L2C_Reset_To_Closed_State  libbluenrg1_stack.a(l2cap.o)
    0x1007004c   0x1007004c   0x0000004c   Code   RO         3266    i.L2C_Send_Data     libbluenrg1_stack.a(l2cap.o)
    0x10070098   0x10070098   0x00000060   Code   RO         3267    i.L2C_SigChan_Req_TimeOut_Handler  libbluenrg1_stack.a(l2cap.o)
    0x100700f8   0x100700f8   0x000001b4   Code   RO         3268    i.L2C_Signal_Channel_Handler  libbluenrg1_stack.a(l2cap.o)
    0x100702ac   0x100702ac   0x00000024   Code   RO         3269    i.L2C_Signal_Channel_Handler_ISR  libbluenrg1_stack.a(l2cap.o)
    0x100702d0   0x100702d0   0x0000005c   Code   RO         3270    i.L2C_discard_corrupted_acl_packet  libbluenrg1_stack.a(l2cap.o)
    0x1007032c   0x1007032c   0x00000042   Code   RO         3492    i.LL_Allow_Address_Setting  libbluenrg1_stack.a(rom_ll_ll_routines.o)
    0x1007036e   0x1007036e   0x00000002   PAD
    0x10070370   0x10070370   0x000001f0   Code   RO         3493    i.LL_Check_And_Set_Addresses  libbluenrg1_stack.a(rom_ll_ll_routines.o)
    0x10070560   0x10070560   0x00000004   Code   RO         3316    i.LL_Data_Length_Change_Event_ucfg  libbluenrg1_stack.a(ll_routines.o)
    0x10070564   0x10070564   0x0000025c   Code   RO         3494    i.LL_Enable_Disable_Adv  libbluenrg1_stack.a(rom_ll_ll_routines.o)
    0x100707c0   0x100707c0   0x000000a0   Code   RO         3356    i.LL_Encrypt_Plain_Data_ucfg  libbluenrg1_stack.a(ll_routines_support.o)
    0x10070860   0x10070860   0x00000030   Code   RO         3495    i.LL_Get_Address    libbluenrg1_stack.a(rom_ll_ll_routines.o)
    0x10070890   0x10070890   0x00000040   Code   RO         3496    i.LL_Get_AdvAddress  libbluenrg1_stack.a(rom_ll_ll_routines.o)
    0x100708d0   0x100708d0   0x00000018   Code   RO         3532    i.LL_Get_Adv_Tx_Power_Level  libbluenrg1_stack.a(rom_ll_routines_support.o)
    0x100708e8   0x100708e8   0x0000009c   Code   RO         3357    i.LL_Get_LTK        libbluenrg1_stack.a(ll_routines_support.o)
    0x10070984   0x10070984   0x00000040   Code   RO         3499    i.LL_Get_ScanAddress  libbluenrg1_stack.a(rom_ll_ll_routines.o)
    0x100709c4   0x100709c4   0x00000184   Code   RO         3501    i.LL_Init           libbluenrg1_stack.a(rom_ll_ll_routines.o)
    0x10070b48   0x10070b48   0x00000028   Code   RO         3277    i.LL_LE_Clear_White_List  libbluenrg1_stack.a(ll_privacy.o)
    0x10070b70   0x10070b70   0x00000050   Code   RO         3503    i.LL_Send_ACL_Data  libbluenrg1_stack.a(rom_ll_ll_routines.o)
    0x10070bc0   0x10070bc0   0x000000a4   Code   RO         3323    i.LL_Send_Disconnection_Req  libbluenrg1_stack.a(ll_routines.o)
    0x10070c64   0x10070c64   0x00000004   Code   RO         3326    i.LL_Send_Length_Resp_ucfg  libbluenrg1_stack.a(ll_routines.o)
    0x10070c68   0x10070c68   0x00000078   Code   RO         3505    i.LL_Set_Adv_Data   libbluenrg1_stack.a(rom_ll_ll_routines.o)
    0x10070ce0   0x10070ce0   0x000000d0   Code   RO         3506    i.LL_Set_Adv_PDU_Format  libbluenrg1_stack.a(rom_ll_ll_routines.o)
    0x10070db0   0x10070db0   0x0000014c   Code   RO         3507    i.LL_Set_Adv_Params  libbluenrg1_stack.a(rom_ll_ll_routines.o)
    0x10070efc   0x10070efc   0x00000088   Code   RO         3508    i.LL_Set_Advertising_Buffers  libbluenrg1_stack.a(rom_ll_ll_routines.o)
    0x10070f84   0x10070f84   0x00000038   Code   RO         3509    i.LL_Set_DirectAddress  libbluenrg1_stack.a(rom_ll_ll_routines.o)
    0x10070fbc   0x10070fbc   0x00000024   Code   RO         3510    i.LL_Set_OwnAddress  libbluenrg1_stack.a(rom_ll_ll_routines.o)
    0x10070fe0   0x10070fe0   0x0000005c   Code   RO         3511    i.LL_Set_Scan_Resp_Data  libbluenrg1_stack.a(rom_ll_ll_routines.o)
    0x1007103c   0x1007103c   0x00000058   Code   RO         3748    i.LL_Sleep_Req      libbluenrg1_stack.a(bluenrg_main_func_speed.o)
    0x10071094   0x10071094   0x0000004c   Code   RO         3512    i.LL_Update_Advertising_Buffers  libbluenrg1_stack.a(rom_ll_ll_routines.o)
    0x100710e0   0x100710e0   0x00000048   Code   RO         3513    i.LL_Update_Scanning_Initiating_Buffers  libbluenrg1_stack.a(rom_ll_ll_routines.o)
    0x10071128   0x10071128   0x00000094   Code   RO         3247    i.LL_receive_data   libbluenrg1_stack.a(isr_routines.o)
    0x100711bc   0x100711bc   0x00000098   Code   RO         3477    i.LL_update_proc    libbluenrg1_stack.a(rom_ll_isr_routines.o)
    0x10071254   0x10071254   0x00000014   Code   RO         3784    i.List_Circular_Get_Size  libbluenrg1_stack.a(rom_list.o)
    0x10071268   0x10071268   0x0000000e   Code   RO         3787    i.List_Circular_Insert_Tail  libbluenrg1_stack.a(rom_list.o)
    0x10071276   0x10071276   0x00000016   Code   RO         3788    i.List_Circular_Node_Present  libbluenrg1_stack.a(rom_list.o)
    0x1007128c   0x1007128c   0x0000001a   Code   RO         3789    i.List_Circular_Remove_Head  libbluenrg1_stack.a(rom_list.o)
    0x100712a6   0x100712a6   0x00000020   Code   RO         3790    i.List_Circular_Remove_Node  libbluenrg1_stack.a(rom_list.o)
    0x100712c6   0x100712c6   0x00000002   Code   RO         1967    i.MFT1A_Handler     system_bluenrg1.o
    0x100712c8   0x100712c8   0x0000005c   Code   RO         2192    i.MFT1B_Handler     bluenrg1_it.o
    0x10071324   0x10071324   0x00000040   Code   RO         2193    i.MFT2A_Handler     bluenrg1_it.o
    0x10071364   0x10071364   0x00000002   Code   RO         1970    i.MFT2B_Handler     system_bluenrg1.o
    0x10071366   0x10071366   0x0000000a   Code   RO          677    i.MFT_ClearIT       bluenrg1_mft.o
    0x10071370   0x10071370   0x00000012   Code   RO          678    i.MFT_Cmd           bluenrg1_mft.o
    0x10071382   0x10071382   0x00000012   Code   RO          680    i.MFT_EnableIT      bluenrg1_mft.o
    0x10071394   0x10071394   0x00000088   Code   RO          683    i.MFT_Init          bluenrg1_mft.o
    0x1007141c   0x1007141c   0x00000004   Code   RO          689    i.MFT_SetCounter1   bluenrg1_mft.o
    0x10071420   0x10071420   0x00000004   Code   RO          690    i.MFT_SetCounter2   bluenrg1_mft.o
    0x10071424   0x10071424   0x0000000a   Code   RO          691    i.MFT_StatusIT      bluenrg1_mft.o
    0x1007142e   0x1007142e   0x00000010   Code   RO          692    i.MFT_StructInit    bluenrg1_mft.o
    0x1007143e   0x1007143e   0x00000024   Code   RO          694    i.MFT_TnXEN         bluenrg1_mft.o
    0x10071462   0x10071462   0x00000002   PAD
    0x10071464   0x10071464   0x000000b4   Code   RO         2467    i.Make_Connection   throughput.o
    0x10071518   0x10071518   0x00000012   Code   RO         3369    i.Mem_Buff_Append   libbluenrg1_stack.a(mem_buff.o)
    0x1007152a   0x1007152a   0x00000048   Code   RO         3370    i.Mem_Buff_Block_Copy  libbluenrg1_stack.a(mem_buff.o)
    0x10071572   0x10071572   0x00000056   Code   RO         3371    i.Mem_Buff_Block_Write  libbluenrg1_stack.a(mem_buff.o)
    0x100715c8   0x100715c8   0x00000032   Code   RO         3372    i.Mem_Buff_Clone    libbluenrg1_stack.a(mem_buff.o)
    0x100715fa   0x100715fa   0x00000078   Code   RO         3373    i.Mem_Buff_Cmp      libbluenrg1_stack.a(mem_buff.o)
    0x10071672   0x10071672   0x000000ba   Code   RO         3374    i.Mem_Buff_Compact  libbluenrg1_stack.a(mem_buff.o)
    0x1007172c   0x1007172c   0x0000002e   Code   RO         3375    i.Mem_Buff_Get      libbluenrg1_stack.a(mem_buff.o)
    0x1007175a   0x1007175a   0x00000014   Code   RO         3376    i.Mem_Buff_Get_Chain_Count  libbluenrg1_stack.a(mem_buff.o)
    0x1007176e   0x1007176e   0x00000014   Code   RO         3377    i.Mem_Buff_Get_Chain_Size  libbluenrg1_stack.a(mem_buff.o)
    0x10071782   0x10071782   0x0000006a   Code   RO         3378    i.Mem_Buff_Init     libbluenrg1_stack.a(mem_buff.o)
    0x100717ec   0x100717ec   0x00000062   Code   RO         3379    i.Mem_Buff_Read     libbluenrg1_stack.a(mem_buff.o)
    0x1007184e   0x1007184e   0x00000036   Code   RO         3380    i.Mem_Buff_Release  libbluenrg1_stack.a(mem_buff.o)
    0x10071884   0x10071884   0x0000008e   Code   RO         3381    i.Mem_Buff_Resize   libbluenrg1_stack.a(mem_buff.o)
    0x10071912   0x10071912   0x00000068   Code   RO         3382    i.Mem_Buff_Write    libbluenrg1_stack.a(mem_buff.o)
    0x1007197a   0x1007197a   0x00000016   Code   RO         3363    i.Mem_assign        libbluenrg1_stack.a(mem_alloc.o)
    0x10071990   0x10071990   0x0000002c   Code   RO         1914    i.Modify_PWM        sdk_eval_timer.o
    0x100719bc   0x100719bc   0x00000002   Code   RO         2194    i.NMI_Handler       bluenrg1_it.o
    0x100719be   0x100719be   0x00000002   PAD
    0x100719c0   0x100719c0   0x00000088   Code   RO         1425    i.NVIC_Init         misc.o
    0x10071a48   0x10071a48   0x00000044   Code   RO         1972    i.NVIC_SetPriority  system_bluenrg1.o
    0x10071a8c   0x10071a8c   0x00000002   Code   RO         1973    i.NVM_Handler       system_bluenrg1.o
    0x10071a8e   0x10071a8e   0x00000008   Code   RO         2600    i.Osal_MemCmp       osal.o
    0x10071a96   0x10071a96   0x00000008   Code   RO         2601    i.Osal_MemCpy       osal.o
    0x10071a9e   0x10071a9e   0x00000008   Code   RO         2602    i.Osal_MemSet       osal.o
    0x10071aa6   0x10071aa6   0x00000002   Code   RO         1974    i.PKA_Handler       system_bluenrg1.o
    0x10071aa8   0x10071aa8   0x00000002   Code   RO         2799    i.PKA_Offline_Processing_ucfg  libbluenrg1_stack.a(hci.o)
    0x10071aaa   0x10071aaa   0x00000014   Code   RO         1468    i.PKA_Reset         bluenrg1_pka.o
    0x10071abe   0x10071abe   0x00000002   PAD
    0x10071ac0   0x10071ac0   0x00000050   Code   RO         3422    i.PM_Check_And_Set  libbluenrg1_stack.a(pm.o)
    0x10071b10   0x10071b10   0x00000022   Code   RO         3423    i.PM_Clone_Pckt     libbluenrg1_stack.a(pm.o)
    0x10071b32   0x10071b32   0x00000002   PAD
    0x10071b34   0x10071b34   0x00000054   Code   RO         3424    i.PM_Compact        libbluenrg1_stack.a(pm.o)
    0x10071b88   0x10071b88   0x00000012   Code   RO         3425    i.PM_Copy_Pckt_Data  libbluenrg1_stack.a(pm.o)
    0x10071b9a   0x10071b9a   0x00000002   PAD
    0x10071b9c   0x10071b9c   0x00000018   Code   RO         3426    i.PM_Eng_Config     libbluenrg1_stack.a(pm.o)
    0x10071bb4   0x10071bb4   0x0000000c   Code   RO         3427    i.PM_Extract_Pdu_MBuff  libbluenrg1_stack.a(pm.o)
    0x10071bc0   0x10071bc0   0x0000003c   Code   RO         3428    i.PM_Get_Available_Buffer  libbluenrg1_stack.a(pm.o)
    0x10071bfc   0x10071bfc   0x0000000a   Code   RO         3430    i.PM_Get_Mem_Buff_Count  libbluenrg1_stack.a(pm.o)
    0x10071c06   0x10071c06   0x00000002   PAD
    0x10071c08   0x10071c08   0x00000044   Code   RO         3431    i.PM_Get_Pckt       libbluenrg1_stack.a(pm.o)
    0x10071c4c   0x10071c4c   0x00000068   Code   RO         3432    i.PM_Init           libbluenrg1_stack.a(pm.o)
    0x10071cb4   0x10071cb4   0x0000000a   Code   RO         3433    i.PM_Pckt_Cmp       libbluenrg1_stack.a(pm.o)
    0x10071cbe   0x10071cbe   0x00000002   PAD
    0x10071cc0   0x10071cc0   0x0000003c   Code   RO         3434    i.PM_Release_Acl_Pckt  libbluenrg1_stack.a(pm.o)
    0x10071cfc   0x10071cfc   0x0000006c   Code   RO         3435    i.PM_Resize_Pckt_Pdu_Size  libbluenrg1_stack.a(pm.o)
    0x10071d68   0x10071d68   0x00000012   Code   RO         3437    i.PM_Write_Pckt_Data  libbluenrg1_stack.a(pm.o)
    0x10071d7a   0x10071d7a   0x00000002   PAD
    0x10071d7c   0x10071d7c   0x00000084   Code   RO         3289    i.PRIVWHIT_u8SearchAddrInList  libbluenrg1_stack.a(ll_privacy.o)
    0x10071e00   0x10071e00   0x000000b4   Code   RO         3290    i.PRIVWHIT_vInit_Struct  libbluenrg1_stack.a(ll_privacy.o)
    0x10071eb4   0x10071eb4   0x00000058   Code   RO         3293    i.PRIV_SearchAddrInWhiteList  libbluenrg1_stack.a(ll_privacy.o)
    0x10071f0c   0x10071f0c   0x00000004   Code   RO         2800    i.PRIV_controller_privacy_csr_ucfg  libbluenrg1_stack.a(hci.o)
    0x10071f10   0x10071f10   0x00000004   Code   RO         3295    i.PRIV_u32ProcessAdvPacket_ucfg  libbluenrg1_stack.a(ll_privacy.o)
    0x10071f14   0x10071f14   0x00000004   Code   RO         3297    i.PRIV_u8OfflineProcessing_ucfg  libbluenrg1_stack.a(ll_privacy.o)
    0x10071f18   0x10071f18   0x00000002   Code   RO         3301    i.PRIV_vGeneratePrivateAddress_ucfg  libbluenrg1_stack.a(ll_privacy.o)
    0x10071f1a   0x10071f1a   0x00000002   Code   RO         3305    i.PRIV_vGenerate_hci_le_enhanced_connection_complete_event_ucfg  libbluenrg1_stack.a(ll_privacy.o)
    0x10071f1c   0x10071f1c   0x00000002   Code   RO         1975    i.PendSV_Handler    system_bluenrg1.o
    0x10071f1e   0x10071f1e   0x0000000e   Code   RO         3196    i.Pm_Resize_Host_Acl_Pckt  libbluenrg1_stack.a(gatt_server.o)
    0x10071f2c   0x10071f2c   0x0000000e   Code   RO         3731    i.Pm_Resize_Host_Acl_Pckt  libbluenrg1_stack.a(att.o)
    0x10071f3a   0x10071f3a   0x00000002   PAD
    0x10071f3c   0x10071f3c   0x00000178   Code   RO         3732    i.Prepare_Write_Resp  libbluenrg1_stack.a(att.o)
    0x100720b4   0x100720b4   0x000001fc   Code   RO         3197    i.Process_Peer_Client_Data  libbluenrg1_stack.a(gatt_server.o)
    0x100722b0   0x100722b0   0x00000194   Code   RO         3198    i.Process_Peer_Server_Data  libbluenrg1_stack.a(gatt_server.o)
    0x10072444   0x10072444   0x0000021c   Code   RO         2862    i.RAL_Isr           libbluenrg1_stack.a(ll_isr.o)
    0x10072660   0x10072660   0x00000020   Code   RO         1976    i.RESET_HANDLER     system_bluenrg1.o
    0x10072680   0x10072680   0x00000002   Code   RO         1977    i.RTC_Handler       system_bluenrg1.o
    0x10072682   0x10072682   0x00000140   Code   RO         3733    i.Read_Blob_Resp    libbluenrg1_stack.a(att.o)
    0x100727c2   0x100727c2   0x00000002   PAD
    0x100727c4   0x100727c4   0x000001e4   Code   RO         3734    i.Read_By_Grp_Type_Resp  libbluenrg1_stack.a(att.o)
    0x100729a8   0x100729a8   0x000002d0   Code   RO         3735    i.Read_By_Type_Resp  libbluenrg1_stack.a(att.o)
    0x10072c78   0x10072c78   0x00000194   Code   RO         3736    i.Read_Multi_Resp   libbluenrg1_stack.a(att.o)
    0x10072e0c   0x10072e0c   0x0000012a   Code   RO         3737    i.Read_Resp         libbluenrg1_stack.a(att.o)
    0x10072f36   0x10072f36   0x00000002   Code   RO         3340    i.Reclassify_All_Channels_ucfg  libbluenrg1_stack.a(ll_routines_master.o)
    0x10072f38   0x10072f38   0x00000184   Code   RO         3572    i.SDB_Add_Record    libbluenrg1_stack.a(sdb.o)
    0x100730bc   0x100730bc   0x000000a0   Code   RO         3574    i.SDB_Find_Matching_LTK  libbluenrg1_stack.a(sdb.o)
    0x1007315c   0x1007315c   0x000000c4   Code   RO         3575    i.SDB_Find_Record   libbluenrg1_stack.a(sdb.o)
    0x10073220   0x10073220   0x00000044   Code   RO         3577    i.SDB_Get_Number_Of_Valid_Records  libbluenrg1_stack.a(sdb.o)
    0x10073264   0x10073264   0x000000bc   Code   RO         3578    i.SDB_flash_write_client_data  libbluenrg1_stack.a(sdb.o)
    0x10073320   0x10073320   0x000000e2   Code   RO         3579    i.SDB_get_security_data_record  libbluenrg1_stack.a(sdb.o)
    0x10073402   0x10073402   0x0000003c   Code   RO         3580    i.SDB_read_peer_bonded_data  libbluenrg1_stack.a(sdb.o)
    0x1007343e   0x1007343e   0x0000002e   Code   RO         3793    i.SMA_Diversify     libbluenrg1_stack.a(smp_algo_sap.o)
    0x1007346c   0x1007346c   0x00000028   Code   RO         3794    i.SMA_Generate_CSRK  libbluenrg1_stack.a(smp_algo_sap.o)
    0x10073494   0x10073494   0x00000028   Code   RO         3795    i.SMA_Generate_IRK  libbluenrg1_stack.a(smp_algo_sap.o)
    0x100734bc   0x100734bc   0x00000028   Code   RO         3796    i.SMA_LP_s1_Generate_STK  libbluenrg1_stack.a(smp_algo_sap.o)
    0x100734e4   0x100734e4   0x0000007c   Code   RO         3801    i.SMA_generate_EDIV_recovery_DIV  libbluenrg1_stack.a(smp_algo_sap.o)
    0x10073560   0x10073560   0x00000048   Code   RO         3664    i.SMP_Check_Is_Device_Bonded  libbluenrg1_stack.a(smp_common.o)
    0x100735a8   0x100735a8   0x0000001c   Code   RO         3665    i.SMP_Forget_Device_by_ConnHandle  libbluenrg1_stack.a(smp_common.o)
    0x100735c4   0x100735c4   0x00000070   Code   RO         3667    i.SMP_Init          libbluenrg1_stack.a(smp_common.o)
    0x10073634   0x10073634   0x00000128   Code   RO         3596    i.SMP_Process_Q     libbluenrg1_stack.a(securitymgr.o)
    0x1007375c   0x1007375c   0x00000074   Code   RO         3668    i.SMP_Repeated_Attacks_Timer_cb  libbluenrg1_stack.a(smp_common.o)
    0x100737d0   0x100737d0   0x0000004c   Code   RO         3672    i.SMP_Timer_cb      libbluenrg1_stack.a(smp_common.o)
    0x1007381c   0x1007381c   0x0000007a   Code   RO         3673    i.SMP_Validate_Signed_Packet  libbluenrg1_stack.a(smp_common.o)
    0x10073896   0x10073896   0x00000020   Code   RO         3706    i.SMP_sc_force_debug_key_usage  libbluenrg1_stack.a(smp_scv42_sap.o)
    0x100738b6   0x100738b6   0x00000020   Code   RO         3675    i.SM_Check_Encryption_KeySize  libbluenrg1_stack.a(smp_common.o)
    0x100738d6   0x100738d6   0x00000002   PAD
    0x100738d8   0x100738d8   0x00000080   Code   RO         3676    i.SM_Connection_Complete_Handler  libbluenrg1_stack.a(smp_common.o)
    0x10073958   0x10073958   0x0000004e   Code   RO         3802    i.SM_Generate_Resolvable_Private_Address  libbluenrg1_stack.a(smp_algo_sap.o)
    0x100739a6   0x100739a6   0x0000002e   Code   RO         3677    i.SM_Get_Link_Status  libbluenrg1_stack.a(smp_common.o)
    0x100739d4   0x100739d4   0x00000048   Code   RO         3678    i.SM_Get_Remote_Device_Info  libbluenrg1_stack.a(smp_common.o)
    0x10073a1c   0x10073a1c   0x00000104   Code   RO         3679    i.SM_L2CAP_Encryption_changed_Handler_ISR  libbluenrg1_stack.a(smp_common.o)
    0x10073b20   0x10073b20   0x000000f4   Code   RO         3680    i.SM_L2CAP_Handler  libbluenrg1_stack.a(smp_common.o)
    0x10073c14   0x10073c14   0x00000128   Code   RO         3681    i.SM_L2CAP_Handler_ISR  libbluenrg1_stack.a(smp_common.o)
    0x10073d3c   0x10073d3c   0x00000022   Code   RO         3803    i.SM_Resolve_Private_Address  libbluenrg1_stack.a(smp_algo_sap.o)
    0x10073d5e   0x10073d5e   0x00000002   Code   RO         1979    i.SPI_Handler       system_bluenrg1.o
    0x10073d60   0x10073d60   0x00000002   Code   RO         2195    i.SVC_Handler       bluenrg1_it.o
    0x10073d62   0x10073d62   0x00000008   Code   RO         1545    i.SdkEvalComIOSendData  sdk_eval_com.o
    0x10073d6a   0x10073d6a   0x00000002   PAD
    0x10073d6c   0x10073d6c   0x000000a0   Code   RO         1549    i.SdkEvalComUartInit  sdk_eval_com.o
    0x10073e0c   0x10073e0c   0x0000002c   Code   RO         1550    i.SdkEvalComUartIrqConfig  sdk_eval_com.o
    0x10073e38   0x10073e38   0x0000000c   Code   RO         1677    i.SdkEvalGetVersion  sdk_eval_config.o
    0x10073e44   0x10073e44   0x0000000c   Code   RO         1678    i.SdkEvalIdentification  sdk_eval_config.o
    0x10073e50   0x10073e50   0x00000034   Code   RO         1815    i.SdkEvalLedFlicker  sdk_eval_led.o
    0x10073e84   0x10073e84   0x0000002e   Code   RO         1817    i.SdkEvalLedInit    sdk_eval_led.o
    0x10073eb2   0x10073eb2   0x0000001e   Code   RO         1818    i.SdkEvalLedOff     sdk_eval_led.o
    0x10073ed0   0x10073ed0   0x0000001e   Code   RO         1819    i.SdkEvalLedOn      sdk_eval_led.o
    0x10073eee   0x10073eee   0x00000002   PAD
    0x10073ef0   0x10073ef0   0x00000090   Code   RO         1915    i.SdkEvalPWM_Init   sdk_eval_timer.o
    0x10073f80   0x10073f80   0x00000012   Code   RO         1743    i.SdkEvalPushButtonGetState  sdk_eval_button.o
    0x10073f92   0x10073f92   0x00000026   Code   RO         1744    i.SdkEvalPushButtonInit  sdk_eval_button.o
    0x10073fb8   0x10073fb8   0x00000030   Code   RO         1916    i.SdkEvalPwm_Enable  sdk_eval_timer.o
    0x10073fe8   0x10073fe8   0x00000060   Code   RO         1917    i.SdkEvalTimerInit  sdk_eval_timer.o
    0x10074048   0x10074048   0x00000018   Code   RO         1918    i.SdkEvalTimer_Enable  sdk_eval_timer.o
    0x10074060   0x10074060   0x00000016   Code   RO         1551    i.SdkEvalUart_Send_Data  sdk_eval_com.o
    0x10074076   0x10074076   0x00000002   PAD
    0x10074078   0x10074078   0x00000050   Code   RO         3199    i.Select_Next_Notification_Client  libbluenrg1_stack.a(gatt_server.o)
    0x100740c8   0x100740c8   0x0000004c   Code   RO         3200    i.Send_Notif_Or_Ind  libbluenrg1_stack.a(gatt_server.o)
    0x10074114   0x10074114   0x00000050   Code   RO         3232    i.Set_Host_Timer_value  libbluenrg1_stack.a(host_timer.o)
    0x10074164   0x10074164   0x00000048   Code   RO         1981    i.Set_RF_FrontEnd   system_bluenrg1.o
    0x100741ac   0x100741ac   0x00000024   Code   RO         3468    i.Start_Gatt_Timer  libbluenrg1_stack.a(rom_gatt_server.o)
    0x100741d0   0x100741d0   0x0000001c   Code   RO         3469    i.Stop_Gatt_Timer   libbluenrg1_stack.a(rom_gatt_server.o)
    0x100741ec   0x100741ec   0x00000010   Code   RO         2557    i.SysCount_Handler  clock.o
    0x100741fc   0x100741fc   0x00000018   Code   RO         1130    i.SysCtrl_PeripheralClockCmd  bluenrg1_sysctrl.o
    0x10074214   0x10074214   0x0000003c   Code   RO         2196    i.SysTick_Handler   bluenrg1_it.o
    0x10074250   0x10074250   0x000000b8   Code   RO         1983    i.SystemInit        system_bluenrg1.o
    0x10074308   0x10074308   0x00000284   Code   RO         2468    i.THROUGHPUT_DeviceInit  throughput.o
    0x1007458c   0x1007458c   0x00000038   Code   RO         2469    i.TempDatatophone   throughput.o
    0x100745c4   0x100745c4   0x0000007c   Code   RO         3233    i.TimerCallback     libbluenrg1_stack.a(host_timer.o)
    0x10074640   0x10074640   0x00000014   Code   RO         3234    i.Timer_ExpiryCallback  libbluenrg1_stack.a(host_timer.o)
    0x10074654   0x10074654   0x00000038   Code   RO         3235    i.Timer_Init        libbluenrg1_stack.a(host_timer.o)
    0x1007468c   0x1007468c   0x0000011c   Code   RO         3236    i.Timer_ProcessQ    libbluenrg1_stack.a(host_timer.o)
    0x100747a8   0x100747a8   0x00000022   Code   RO         3237    i.Timer_StartOneShot  libbluenrg1_stack.a(host_timer.o)
    0x100747ca   0x100747ca   0x00000002   PAD
    0x100747cc   0x100747cc   0x00000078   Code   RO         3238    i.Timer_StartOneShot_sysTime32  libbluenrg1_stack.a(host_timer.o)
    0x10074844   0x10074844   0x00000058   Code   RO         3239    i.Timer_StopOneShot  libbluenrg1_stack.a(host_timer.o)
    0x1007489c   0x1007489c   0x00000024   Code   RO         3241    i.Timer_sysTime32_convMachineTime  libbluenrg1_stack.a(host_timer.o)
    0x100748c0   0x100748c0   0x0000000c   Code   RO         1177    i.UART_ClearITPendingBit  bluenrg1_uart.o
    0x100748cc   0x100748cc   0x0000001c   Code   RO         1178    i.UART_Cmd          bluenrg1_uart.o
    0x100748e8   0x100748e8   0x0000001c   Code   RO         1181    i.UART_GetFlagStatus  bluenrg1_uart.o
    0x10074904   0x10074904   0x00000014   Code   RO         1182    i.UART_GetITStatus  bluenrg1_uart.o
    0x10074918   0x10074918   0x00000034   Code   RO         2197    i.UART_Handler      bluenrg1_it.o
    0x1007494c   0x1007494c   0x00000018   Code   RO         1183    i.UART_ITConfig     bluenrg1_uart.o
    0x10074964   0x10074964   0x00000138   Code   RO         1184    i.UART_Init         bluenrg1_uart.o
    0x10074a9c   0x10074a9c   0x0000000c   Code   RO         1187    i.UART_ReceiveData  bluenrg1_uart.o
    0x10074aa8   0x10074aa8   0x00000010   Code   RO         1191    i.UART_SendData     bluenrg1_uart.o
    0x10074ab8   0x10074ab8   0x0000000c   Code   RO         2198    i.UartRxData        bluenrg1_it.o
    0x10074ac4   0x10074ac4   0x0000000c   Code   RO         2199    i.UartRxDataLen     bluenrg1_it.o
    0x10074ad0   0x10074ad0   0x00000002   Code   RO         1985    i.WDG_Handler       system_bluenrg1.o
    0x10074ad2   0x10074ad2   0x0000000a   Code   RO         3546    i.WindowWiden1      libbluenrg1_stack.a(rom_ll_timehandling.o)
    0x10074adc   0x10074adc   0x00000010   Code   RO         3547    i.WindowWiden2      libbluenrg1_stack.a(rom_ll_timehandling.o)
    0x10074aec   0x10074aec   0x000001b0   Code   RO         3583    i.Write_Client_Data  libbluenrg1_stack.a(sdb.o)
    0x10074c9c   0x10074c9c   0x0000012c   Code   RO         3738    i.Write_Cmd         libbluenrg1_stack.a(att.o)
    0x10074dc8   0x10074dc8   0x0000013c   Code   RO         3739    i.Write_Resp        libbluenrg1_stack.a(att.o)
    0x10074f04   0x10074f04   0x000000fc   Code   RO         2792    i._BlueNRG_Stack_Initialization  libbluenrg1_stack.a(bluenrg_main_func.o)
    0x10075000   0x10075000   0x00000064   Code   RO         3079    i._GAP_Parse_Advertising_Report  libbluenrg1_stack.a(gap.o)
    0x10075064   0x10075064   0x00000030   Code   RO         4023    i.__ARM_common_ll_muluu  c_p.l(btod.o)
    0x10075094   0x10075094   0x0000001a   Code   RO         2877    i.__ARM_common_memcpy1_6  libbluenrg1_stack.a(ll_isr.o)
    0x100750ae   0x100750ae   0x0000001a   Code   RO         1864    i.__ARM_common_switch8  sdk_eval_led.o
    0x100750c8   0x100750c8   0x0000002c   Code   RO         4034    i.__ARM_fpclassify  m_ps.l(fpclassify.o)
    0x100750f4   0x100750f4   0x00000038   Code   RO         1987    i.__low_level_init  system_bluenrg1.o
    0x1007512c   0x1007512c   0x0000005c   Code   RO         2679    i._aci_gap_set_discoverable_param_check  libbluenrg1_stack.a(bluenrg_gap_aci.o)
    0x10075188   0x10075188   0x00000174   Code   RO         3080    i._gap_set_discoverable_connectable  libbluenrg1_stack.a(gap.o)
    0x100752fc   0x100752fc   0x0000000e   Code   RO         3904    i._is_digit         c_p.l(__printf_wp.o)
    0x1007530a   0x1007530a   0x00000026   Code   RO         2725    i._load_uuid        libbluenrg1_stack.a(bluenrg_gatt_aci.o)
    0x10075330   0x10075330   0x00000002   Code   RO         2882    i.aci_att_exchange_mtu_resp_event  libbluenrg1_stack.a(aci_events.o)
    0x10075332   0x10075332   0x00000002   Code   RO         2883    i.aci_att_exec_write_resp_event  libbluenrg1_stack.a(aci_events.o)
    0x10075334   0x10075334   0x00000002   Code   RO         2884    i.aci_att_find_by_type_value_resp_event  libbluenrg1_stack.a(aci_events.o)
    0x10075336   0x10075336   0x00000002   Code   RO         2885    i.aci_att_find_info_resp_event  libbluenrg1_stack.a(aci_events.o)
    0x10075338   0x10075338   0x00000002   Code   RO         2886    i.aci_att_prepare_write_resp_event  libbluenrg1_stack.a(aci_events.o)
    0x1007533a   0x1007533a   0x00000002   Code   RO         2887    i.aci_att_read_blob_resp_event  libbluenrg1_stack.a(aci_events.o)
    0x1007533c   0x1007533c   0x00000002   Code   RO         2888    i.aci_att_read_by_group_type_resp_event  libbluenrg1_stack.a(aci_events.o)
    0x1007533e   0x1007533e   0x00000002   Code   RO         2889    i.aci_att_read_by_type_resp_event  libbluenrg1_stack.a(aci_events.o)
    0x10075340   0x10075340   0x00000002   Code   RO         2890    i.aci_att_read_multiple_resp_event  libbluenrg1_stack.a(aci_events.o)
    0x10075342   0x10075342   0x00000002   Code   RO         2891    i.aci_att_read_resp_event  libbluenrg1_stack.a(aci_events.o)
    0x10075344   0x10075344   0x00000002   Code   RO         2892    i.aci_att_write_resp_event  libbluenrg1_stack.a(aci_events.o)
    0x10075346   0x10075346   0x00000002   PAD
    0x10075348   0x10075348   0x00000028   Code   RO         2893    i.aci_event_fifo_push  libbluenrg1_stack.a(aci_events.o)
    0x10075370   0x10075370   0x000000bc   Code   RO         2894    i.aci_event_fifo_push_header  libbluenrg1_stack.a(aci_events.o)
    0x1007542c   0x1007542c   0x00000002   Code   RO         2895    i.aci_gap_addr_not_resolved_event  libbluenrg1_stack.a(aci_events.o)
    0x1007542e   0x1007542e   0x00000002   Code   RO         2896    i.aci_gap_authorization_req_event  libbluenrg1_stack.a(aci_events.o)
    0x10075430   0x10075430   0x00000054   Code   RO         3682    i.aci_gap_authorization_req_event_push  libbluenrg1_stack.a(smp_common.o)
    0x10075484   0x10075484   0x00000002   Code   RO         2897    i.aci_gap_bond_lost_event  libbluenrg1_stack.a(aci_events.o)
    0x10075486   0x10075486   0x00000002   Code   RO         2898    i.aci_gap_device_found_event  libbluenrg1_stack.a(aci_events.o)
    0x10075488   0x10075488   0x00000030   Code   RO         2689    i.aci_gap_init      libbluenrg1_stack.a(bluenrg_gap_aci.o)
    0x100754b8   0x100754b8   0x00000002   Code   RO         2899    i.aci_gap_keypress_notification_event  libbluenrg1_stack.a(aci_events.o)
    0x100754ba   0x100754ba   0x00000002   Code   RO         2900    i.aci_gap_limited_discoverable_event  libbluenrg1_stack.a(aci_events.o)
    0x100754bc   0x100754bc   0x00000050   Code   RO         3081    i.aci_gap_limited_discoverable_event_push  libbluenrg1_stack.a(gap.o)
    0x1007550c   0x1007550c   0x00000002   Code   RO         2901    i.aci_gap_numeric_comparison_value_event  libbluenrg1_stack.a(aci_events.o)
    0x1007550e   0x1007550e   0x00000002   Code   RO         2902    i.aci_gap_pairing_complete_event  libbluenrg1_stack.a(aci_events.o)
    0x10075510   0x10075510   0x0000005c   Code   RO         3683    i.aci_gap_pairing_complete_event_push  libbluenrg1_stack.a(smp_common.o)
    0x1007556c   0x1007556c   0x00000002   Code   RO         2903    i.aci_gap_pass_key_req_event  libbluenrg1_stack.a(aci_events.o)
    0x1007556e   0x1007556e   0x00000002   Code   RO         2904    i.aci_gap_proc_complete_event  libbluenrg1_stack.a(aci_events.o)
    0x10075570   0x10075570   0x00000074   Code   RO         3082    i.aci_gap_proc_complete_event_push  libbluenrg1_stack.a(gap.o)
    0x100755e4   0x100755e4   0x00000042   Code   RO         2701    i.aci_gap_set_discoverable  libbluenrg1_stack.a(bluenrg_gap_aci.o)
    0x10075626   0x10075626   0x00000002   Code   RO         2905    i.aci_gap_slave_security_initiated_event  libbluenrg1_stack.a(aci_events.o)
    0x10075628   0x10075628   0x0000003e   Code   RO         2732    i.aci_gatt_add_char  libbluenrg1_stack.a(bluenrg_gatt_aci.o)
    0x10075666   0x10075666   0x00000036   Code   RO         2734    i.aci_gatt_add_service  libbluenrg1_stack.a(bluenrg_gatt_aci.o)
    0x1007569c   0x1007569c   0x0000000e   Code   RO         2470    i.aci_gatt_attribute_modified_event  throughput.o
    0x100756aa   0x100756aa   0x00000002   PAD
    0x100756ac   0x100756ac   0x00000078   Code   RO         3740    i.aci_gatt_attribute_modified_event_push  libbluenrg1_stack.a(att.o)
    0x10075724   0x10075724   0x00000002   Code   RO         2907    i.aci_gatt_disc_read_char_by_uuid_resp_event  libbluenrg1_stack.a(aci_events.o)
    0x10075726   0x10075726   0x00000002   Code   RO         2908    i.aci_gatt_error_resp_event  libbluenrg1_stack.a(aci_events.o)
    0x10075728   0x10075728   0x00000002   Code   RO         2909    i.aci_gatt_indication_event  libbluenrg1_stack.a(aci_events.o)
    0x1007572a   0x1007572a   0x00000002   PAD
    0x1007572c   0x1007572c   0x00000090   Code   RO         3201    i.aci_gatt_indication_event_push  libbluenrg1_stack.a(gatt_server.o)
    0x100757bc   0x100757bc   0x00000008   Code   RO         2749    i.aci_gatt_init     libbluenrg1_stack.a(bluenrg_gatt_aci.o)
    0x100757c4   0x100757c4   0x00000002   Code   RO         2910    i.aci_gatt_notification_event  libbluenrg1_stack.a(aci_events.o)
    0x100757c6   0x100757c6   0x00000002   PAD
    0x100757c8   0x100757c8   0x00000090   Code   RO         3202    i.aci_gatt_notification_event_push  libbluenrg1_stack.a(gatt_server.o)
    0x10075858   0x10075858   0x00000002   Code   RO         2911    i.aci_gatt_prepare_write_permit_req_event  libbluenrg1_stack.a(aci_events.o)
    0x1007585a   0x1007585a   0x00000002   Code   RO         2912    i.aci_gatt_proc_complete_event  libbluenrg1_stack.a(aci_events.o)
    0x1007585c   0x1007585c   0x00000002   Code   RO         2913    i.aci_gatt_proc_timeout_event  libbluenrg1_stack.a(aci_events.o)
    0x1007585e   0x1007585e   0x00000002   Code   RO         2914    i.aci_gatt_read_multi_permit_req_event  libbluenrg1_stack.a(aci_events.o)
    0x10075860   0x10075860   0x00000068   Code   RO         3741    i.aci_gatt_read_multi_permit_req_event_push  libbluenrg1_stack.a(att.o)
    0x100758c8   0x100758c8   0x00000002   Code   RO         2915    i.aci_gatt_read_permit_req_event  libbluenrg1_stack.a(aci_events.o)
    0x100758ca   0x100758ca   0x00000002   PAD
    0x100758cc   0x100758cc   0x00000050   Code   RO         3742    i.aci_gatt_read_permit_req_event_push  libbluenrg1_stack.a(att.o)
    0x1007591c   0x1007591c   0x00000002   Code   RO         2916    i.aci_gatt_server_confirmation_event  libbluenrg1_stack.a(aci_events.o)
    0x1007591e   0x1007591e   0x00000002   PAD
    0x10075920   0x10075920   0x00000010   Code   RO         2471    i.aci_gatt_tx_pool_available_event  throughput.o
    0x10075930   0x10075930   0x00000014   Code   RO         2762    i.aci_gatt_update_char_value  libbluenrg1_stack.a(bluenrg_gatt_aci.o)
    0x10075944   0x10075944   0x00000022   Code   RO         2763    i.aci_gatt_update_char_value_ext  libbluenrg1_stack.a(bluenrg_gatt_aci.o)
    0x10075966   0x10075966   0x00000002   Code   RO         2918    i.aci_gatt_write_permit_req_event  libbluenrg1_stack.a(aci_events.o)
    0x10075968   0x10075968   0x0000006c   Code   RO         3743    i.aci_gatt_write_permit_req_event_push  libbluenrg1_stack.a(att.o)
    0x100759d4   0x100759d4   0x00000002   Code   RO         3214    i.aci_hal_end_of_radio_activity_event  libbluenrg1_stack.a(hal.o)
    0x100759d6   0x100759d6   0x00000002   Code   RO         2919    i.aci_hal_fw_error_event  libbluenrg1_stack.a(aci_events.o)
    0x100759d8   0x100759d8   0x00000002   Code   RO         2920    i.aci_hal_scan_req_report_event  libbluenrg1_stack.a(aci_events.o)
    0x100759da   0x100759da   0x00000008   Code   RO         2779    i.aci_hal_set_tx_power_level  libbluenrg1_stack.a(bluenrg_hal_aci.o)
    0x100759e2   0x100759e2   0x00000008   Code   RO         2782    i.aci_hal_write_config_data  libbluenrg1_stack.a(bluenrg_hal_aci.o)
    0x100759ea   0x100759ea   0x00000002   Code   RO         2921    i.aci_l2cap_command_reject_event  libbluenrg1_stack.a(aci_events.o)
    0x100759ec   0x100759ec   0x00000002   Code   RO         2922    i.aci_l2cap_connection_update_req_event  libbluenrg1_stack.a(aci_events.o)
    0x100759ee   0x100759ee   0x00000002   PAD
    0x100759f0   0x100759f0   0x00000098   Code   RO         3271    i.aci_l2cap_connection_update_req_event_push  libbluenrg1_stack.a(l2cap.o)
    0x10075a88   0x10075a88   0x00000002   Code   RO         2923    i.aci_l2cap_connection_update_resp_event  libbluenrg1_stack.a(aci_events.o)
    0x10075a8a   0x10075a8a   0x00000002   Code   RO         2924    i.aci_l2cap_proc_timeout_event  libbluenrg1_stack.a(aci_events.o)
    0x10075a8c   0x10075a8c   0x00000004   Code   RO         3029    i.acl_list_first    libbluenrg1_stack.a(acl_list.o)
    0x10075a90   0x10075a90   0x00000026   Code   RO         3030    i.acl_list_full_on_packt  libbluenrg1_stack.a(acl_list.o)
    0x10075ab6   0x10075ab6   0x00000010   Code   RO         3033    i.acl_list_init     libbluenrg1_stack.a(acl_list.o)
    0x10075ac6   0x10075ac6   0x00000026   Code   RO         3034    i.acl_list_insert_head  libbluenrg1_stack.a(acl_list.o)
    0x10075aec   0x10075aec   0x0000002c   Code   RO         3035    i.acl_list_insert_tail  libbluenrg1_stack.a(acl_list.o)
    0x10075b18   0x10075b18   0x0000000e   Code   RO         3036    i.acl_list_is_empty  libbluenrg1_stack.a(acl_list.o)
    0x10075b26   0x10075b26   0x00000044   Code   RO         3038    i.acl_list_remove   libbluenrg1_stack.a(acl_list.o)
    0x10075b6a   0x10075b6a   0x0000002e   Code   RO         3039    i.acl_list_remove_head  libbluenrg1_stack.a(acl_list.o)
    0x10075b98   0x10075b98   0x00000260   Code   RO         3387    i.adapt_slot        libbluenrg1_stack.a(multi_master_time.o)
    0x10075df8   0x10075df8   0x0000001e   Code   RO         3478    i.addr_u32_from_u8  libbluenrg1_stack.a(rom_ll_isr_routines.o)
    0x10075e16   0x10075e16   0x00000020   Code   RO         3515    i.addr_u32_from_u8  libbluenrg1_stack.a(rom_ll_ll_routines.o)
    0x10075e36   0x10075e36   0x00000002   PAD
    0x10075e38   0x10075e38   0x00000094   Code   RO         3083    i.advParamsCheckAndSet  libbluenrg1_stack.a(gap.o)
    0x10075ecc   0x10075ecc   0x000002cc   Code   RO         3388    i.advance_slave_timing_MultiSlave  libbluenrg1_stack.a(multi_master_time.o)
    0x10076198   0x10076198   0x00000104   Code   RO         3562    i.advance_transmit  libbluenrg1_stack.a(routines_support.o)
    0x1007629c   0x1007629c   0x0000063c   Code   RO         3042    i.advance_wakeup_timer  libbluenrg1_stack.a(advance_wakeup_time.o)
    0x100768d8   0x100768d8   0x0000001c   Code   RO         3216    i.ble_HAL_Init      libbluenrg1_stack.a(hal.o)
    0x100768f4   0x100768f4   0x00000004   Code   RO         3480    i.cancel_connect_master_ucfg  libbluenrg1_stack.a(rom_ll_isr_routines.o)
    0x100768f8   0x100768f8   0x000001a8   Code   RO         3390    i.cancel_current_master  libbluenrg1_stack.a(multi_master_time.o)
    0x10076aa0   0x10076aa0   0x00000080   Code   RO         3481    i.cancel_master     libbluenrg1_stack.a(rom_ll_isr_routines.o)
    0x10076b20   0x10076b20   0x000000c4   Code   RO         3248    i.cancel_slave      libbluenrg1_stack.a(isr_routines.o)
    0x10076be4   0x10076be4   0x00000024   Code   RO         2925    i.cb_aci_att_exchange_mtu_resp_event  libbluenrg1_stack.a(aci_events.o)
    0x10076c08   0x10076c08   0x00000020   Code   RO         2926    i.cb_aci_att_exec_write_resp_event  libbluenrg1_stack.a(aci_events.o)
    0x10076c28   0x10076c28   0x00000024   Code   RO         2927    i.cb_aci_att_find_by_type_value_resp_event  libbluenrg1_stack.a(aci_events.o)
    0x10076c4c   0x10076c4c   0x00000028   Code   RO         2928    i.cb_aci_att_find_info_resp_event  libbluenrg1_stack.a(aci_events.o)
    0x10076c74   0x10076c74   0x0000002c   Code   RO         2929    i.cb_aci_att_prepare_write_resp_event  libbluenrg1_stack.a(aci_events.o)
    0x10076ca0   0x10076ca0   0x00000024   Code   RO         2930    i.cb_aci_att_read_blob_resp_event  libbluenrg1_stack.a(aci_events.o)
    0x10076cc4   0x10076cc4   0x00000028   Code   RO         2931    i.cb_aci_att_read_by_group_type_resp_event  libbluenrg1_stack.a(aci_events.o)
    0x10076cec   0x10076cec   0x00000028   Code   RO         2932    i.cb_aci_att_read_by_type_resp_event  libbluenrg1_stack.a(aci_events.o)
    0x10076d14   0x10076d14   0x00000024   Code   RO         2933    i.cb_aci_att_read_multiple_resp_event  libbluenrg1_stack.a(aci_events.o)
    0x10076d38   0x10076d38   0x00000024   Code   RO         2934    i.cb_aci_att_read_resp_event  libbluenrg1_stack.a(aci_events.o)
    0x10076d5c   0x10076d5c   0x00000024   Code   RO         2935    i.cb_aci_att_write_resp_event  libbluenrg1_stack.a(aci_events.o)
    0x10076d80   0x10076d80   0x00000020   Code   RO         2936    i.cb_aci_gap_addr_not_resolved_event  libbluenrg1_stack.a(aci_events.o)
    0x10076da0   0x10076da0   0x00000020   Code   RO         2937    i.cb_aci_gap_authorization_req_event  libbluenrg1_stack.a(aci_events.o)
    0x10076dc0   0x10076dc0   0x0000001c   Code   RO         2938    i.cb_aci_gap_bond_lost_event  libbluenrg1_stack.a(aci_events.o)
    0x10076ddc   0x10076ddc   0x00000020   Code   RO         2939    i.cb_aci_gap_device_found_event  libbluenrg1_stack.a(aci_events.o)
    0x10076dfc   0x10076dfc   0x00000024   Code   RO         2940    i.cb_aci_gap_keypress_notification_event  libbluenrg1_stack.a(aci_events.o)
    0x10076e20   0x10076e20   0x0000001c   Code   RO         2941    i.cb_aci_gap_limited_discoverable_event  libbluenrg1_stack.a(aci_events.o)
    0x10076e3c   0x10076e3c   0x00000024   Code   RO         2942    i.cb_aci_gap_numeric_comparison_value_event  libbluenrg1_stack.a(aci_events.o)
    0x10076e60   0x10076e60   0x00000024   Code   RO         2943    i.cb_aci_gap_pairing_complete_event  libbluenrg1_stack.a(aci_events.o)
    0x10076e84   0x10076e84   0x00000020   Code   RO         2944    i.cb_aci_gap_pass_key_req_event  libbluenrg1_stack.a(aci_events.o)
    0x10076ea4   0x10076ea4   0x00000028   Code   RO         2945    i.cb_aci_gap_proc_complete_event  libbluenrg1_stack.a(aci_events.o)
    0x10076ecc   0x10076ecc   0x0000001c   Code   RO         2946    i.cb_aci_gap_slave_security_initiated_event  libbluenrg1_stack.a(aci_events.o)
    0x10076ee8   0x10076ee8   0x0000002c   Code   RO         2947    i.cb_aci_gatt_attribute_modified_event  libbluenrg1_stack.a(aci_events.o)
    0x10076f14   0x10076f14   0x00000028   Code   RO         2948    i.cb_aci_gatt_disc_read_char_by_uuid_resp_event  libbluenrg1_stack.a(aci_events.o)
    0x10076f3c   0x10076f3c   0x00000028   Code   RO         2949    i.cb_aci_gatt_error_resp_event  libbluenrg1_stack.a(aci_events.o)
    0x10076f64   0x10076f64   0x00000028   Code   RO         2950    i.cb_aci_gatt_indication_event  libbluenrg1_stack.a(aci_events.o)
    0x10076f8c   0x10076f8c   0x00000028   Code   RO         2951    i.cb_aci_gatt_notification_event  libbluenrg1_stack.a(aci_events.o)
    0x10076fb4   0x10076fb4   0x00000016   Code   RO         2952    i.cb_aci_gatt_prepare_write_permit_req_event  libbluenrg1_stack.a(aci_events.o)
    0x10076fca   0x10076fca   0x00000002   PAD
    0x10076fcc   0x10076fcc   0x00000024   Code   RO         2953    i.cb_aci_gatt_proc_complete_event  libbluenrg1_stack.a(aci_events.o)
    0x10076ff0   0x10076ff0   0x00000020   Code   RO         2954    i.cb_aci_gatt_proc_timeout_event  libbluenrg1_stack.a(aci_events.o)
    0x10077010   0x10077010   0x00000010   Code   RO         2955    i.cb_aci_gatt_read_multi_permit_req_event  libbluenrg1_stack.a(aci_events.o)
    0x10077020   0x10077020   0x00000010   Code   RO         2956    i.cb_aci_gatt_read_permit_req_event  libbluenrg1_stack.a(aci_events.o)
    0x10077030   0x10077030   0x0000000a   Code   RO         2957    i.cb_aci_gatt_server_confirmation_event  libbluenrg1_stack.a(aci_events.o)
    0x1007703a   0x1007703a   0x0000000e   Code   RO         2958    i.cb_aci_gatt_tx_pool_available_event  libbluenrg1_stack.a(aci_events.o)
    0x10077048   0x10077048   0x00000012   Code   RO         2959    i.cb_aci_gatt_write_permit_req_event  libbluenrg1_stack.a(aci_events.o)
    0x1007705a   0x1007705a   0x00000010   Code   RO         2960    i.cb_aci_hal_fw_error_event  libbluenrg1_stack.a(aci_events.o)
    0x1007706a   0x1007706a   0x00000002   PAD
    0x1007706c   0x1007706c   0x00000024   Code   RO         2961    i.cb_aci_hal_scan_req_report_event  libbluenrg1_stack.a(aci_events.o)
    0x10077090   0x10077090   0x00000016   Code   RO         2962    i.cb_aci_l2cap_command_reject_event  libbluenrg1_stack.a(aci_events.o)
    0x100770a6   0x100770a6   0x00000002   PAD
    0x100770a8   0x100770a8   0x00000034   Code   RO         2963    i.cb_aci_l2cap_connection_update_req_event  libbluenrg1_stack.a(aci_events.o)
    0x100770dc   0x100770dc   0x00000024   Code   RO         2964    i.cb_aci_l2cap_connection_update_resp_event  libbluenrg1_stack.a(aci_events.o)
    0x10077100   0x10077100   0x00000024   Code   RO         2965    i.cb_aci_l2cap_proc_timeout_event  libbluenrg1_stack.a(aci_events.o)
    0x10077124   0x10077124   0x00000002   Code   RO         2966    i.cb_hci_data_buffer_overflow_event  libbluenrg1_stack.a(aci_events.o)
    0x10077126   0x10077126   0x00000002   PAD
    0x10077128   0x10077128   0x00000024   Code   RO         2967    i.cb_hci_disconnection_complete_event  libbluenrg1_stack.a(aci_events.o)
    0x1007714c   0x1007714c   0x00000024   Code   RO         2968    i.cb_hci_encryption_change_event  libbluenrg1_stack.a(aci_events.o)
    0x10077170   0x10077170   0x00000024   Code   RO         2969    i.cb_hci_encryption_key_refresh_complete_event  libbluenrg1_stack.a(aci_events.o)
    0x10077194   0x10077194   0x00000024   Code   RO         2970    i.cb_hci_le_advertising_report_event  libbluenrg1_stack.a(aci_events.o)
    0x100771b8   0x100771b8   0x00000044   Code   RO         2971    i.cb_hci_le_connection_complete_event  libbluenrg1_stack.a(aci_events.o)
    0x100771fc   0x100771fc   0x00000030   Code   RO         2972    i.cb_hci_le_connection_update_complete_event  libbluenrg1_stack.a(aci_events.o)
    0x1007722c   0x1007722c   0x00000030   Code   RO         2973    i.cb_hci_le_data_length_change_event  libbluenrg1_stack.a(aci_events.o)
    0x1007725c   0x1007725c   0x00000024   Code   RO         2974    i.cb_hci_le_direct_advertising_report_event  libbluenrg1_stack.a(aci_events.o)
    0x10077280   0x10077280   0x0000004c   Code   RO         2975    i.cb_hci_le_enhanced_connection_complete_event  libbluenrg1_stack.a(aci_events.o)
    0x100772cc   0x100772cc   0x00000028   Code   RO         2976    i.cb_hci_le_generate_dhkey_complete_event  libbluenrg1_stack.a(aci_events.o)
    0x100772f4   0x100772f4   0x00000028   Code   RO         2977    i.cb_hci_le_long_term_key_request_event  libbluenrg1_stack.a(aci_events.o)
    0x1007731c   0x1007731c   0x00000028   Code   RO         2978    i.cb_hci_le_read_local_p256_public_key_complete_event  libbluenrg1_stack.a(aci_events.o)
    0x10077344   0x10077344   0x0000002c   Code   RO         2979    i.cb_hci_le_read_remote_used_features_complete_event  libbluenrg1_stack.a(aci_events.o)
    0x10077370   0x10077370   0x0000000a   Code   RO         2980    i.cb_hci_number_of_completed_packets_event  libbluenrg1_stack.a(aci_events.o)
    0x1007737a   0x1007737a   0x00000002   PAD
    0x1007737c   0x1007737c   0x00000028   Code   RO         2981    i.cb_hci_read_remote_version_information_complete_event  libbluenrg1_stack.a(aci_events.o)
    0x100773a4   0x100773a4   0x00000016   Code   RO         2982    i.cb_hci_rx_acl_data_event  libbluenrg1_stack.a(aci_events.o)
    0x100773ba   0x100773ba   0x00000012   Code   RO         3217    i.char_copy         libbluenrg1_stack.a(hal.o)
    0x100773cc   0x100773cc   0x00000024   Code   RO         3541    i.convert_power     libbluenrg1_stack.a(rom_ll_routines_support.o)
    0x100773f0   0x100773f0   0x00000012   Code   RO         2863    i.copy_4_u32        libbluenrg1_stack.a(ll_isr.o)
    0x10077402   0x10077402   0x00000002   PAD
    0x10077404   0x10077404   0x00000084   Code   RO         2864    i.copy_tx_data_packet  libbluenrg1_stack.a(ll_isr.o)
    0x10077488   0x10077488   0x00000004   Code   RO         2802    i.data_length_extension_csr_ucfg  libbluenrg1_stack.a(hci.o)
    0x1007748c   0x1007748c   0x00000074   Code   RO         2865    i.encrypt           libbluenrg1_stack.a(ll_isr.o)
    0x10077500   0x10077500   0x0000006c   Code   RO         2983    i.fifoBuf_getFreeHeader  libbluenrg1_stack.a(aci_events.o)
    0x1007756c   0x1007756c   0x0000000a   Code   RO         2984    i.fifoCtrl_init     libbluenrg1_stack.a(aci_events.o)
    0x10077576   0x10077576   0x0000000c   Code   RO         1554    i.fputc             sdk_eval_com.o
    0x10077582   0x10077582   0x00000002   PAD
    0x10077584   0x10077584   0x00000014   Code   RO         3084    i.gapClearAllModeFlags  libbluenrg1_stack.a(gap.o)
    0x10077598   0x10077598   0x00000014   Code   RO         3482    i.get_adv_addr      libbluenrg1_stack.a(rom_ll_isr_routines.o)
    0x100775ac   0x100775ac   0x00000048   Code   RO         3391    i.get_advertiser    libbluenrg1_stack.a(multi_master_time.o)
    0x100775f4   0x100775f4   0x0000008c   Code   RO         3392    i.get_connection_no  libbluenrg1_stack.a(multi_master_time.o)
    0x10077680   0x10077680   0x00000034   Code   RO         3393    i.get_next_free_slot  libbluenrg1_stack.a(multi_master_time.o)
    0x100776b4   0x100776b4   0x00000014   Code   RO         3483    i.get_scan_addr     libbluenrg1_stack.a(rom_ll_isr_routines.o)
    0x100776c8   0x100776c8   0x00000048   Code   RO         3394    i.get_scan_connection  libbluenrg1_stack.a(multi_master_time.o)
    0x10077710   0x10077710   0x00000298   Code   RO         3484    i.go_to_connect     libbluenrg1_stack.a(rom_ll_isr_routines.o)
    0x100779a8   0x100779a8   0x00000034   Code   RO         3218    i.hal_radio_activity_state_callback_check  libbluenrg1_stack.a(hal.o)
    0x100779dc   0x100779dc   0x0000001c   Code   RO         3219    i.hal_radio_activity_state_init  libbluenrg1_stack.a(hal.o)
    0x100779f8   0x100779f8   0x00000040   Code   RO         3220    i.hal_read_radio_activity_state  libbluenrg1_stack.a(hal.o)
    0x10077a38   0x10077a38   0x00000060   Code   RO         2803    i.hci_acl_Process_Q  libbluenrg1_stack.a(hci.o)
    0x10077a98   0x10077a98   0x00000080   Code   RO         2472    i.hci_disconnection_complete_event  throughput.o
    0x10077b18   0x10077b18   0x00000002   Code   RO         2987    i.hci_encryption_change_event  libbluenrg1_stack.a(aci_events.o)
    0x10077b1a   0x10077b1a   0x00000002   PAD
    0x10077b1c   0x10077b1c   0x0000005c   Code   RO         3342    i.hci_encryption_change_event_push  libbluenrg1_stack.a(ll_routines_master.o)
    0x10077b78   0x10077b78   0x00000002   Code   RO         2988    i.hci_encryption_key_refresh_complete_event  libbluenrg1_stack.a(aci_events.o)
    0x10077b7a   0x10077b7a   0x00000002   PAD
    0x10077b7c   0x10077b7c   0x00000058   Code   RO         3343    i.hci_encryption_key_refresh_complete_event_push  libbluenrg1_stack.a(ll_routines_master.o)
    0x10077bd4   0x10077bd4   0x00000002   Code   RO         2989    i.hci_hardware_error_event  libbluenrg1_stack.a(aci_events.o)
    0x10077bd6   0x10077bd6   0x00000002   Code   RO         2990    i.hci_le_advertising_report_event  libbluenrg1_stack.a(aci_events.o)
    0x10077bd8   0x10077bd8   0x00000040   Code   RO         2473    i.hci_le_connection_complete_event  throughput.o
    0x10077c18   0x10077c18   0x00000088   Code   RO         3345    i.hci_le_connection_complete_event_push  libbluenrg1_stack.a(ll_routines_master.o)
    0x10077ca0   0x10077ca0   0x00000002   Code   RO         2992    i.hci_le_connection_update_complete_event  libbluenrg1_stack.a(aci_events.o)
    0x10077ca2   0x10077ca2   0x00000002   PAD
    0x10077ca4   0x10077ca4   0x0000006c   Code   RO         3346    i.hci_le_connection_update_complete_event_push  libbluenrg1_stack.a(ll_routines_master.o)
    0x10077d10   0x10077d10   0x00000002   Code   RO         2993    i.hci_le_data_length_change_event  libbluenrg1_stack.a(aci_events.o)
    0x10077d12   0x10077d12   0x00000002   Code   RO         2994    i.hci_le_direct_advertising_report_event  libbluenrg1_stack.a(aci_events.o)
    0x10077d14   0x10077d14   0x00000002   Code   RO         2995    i.hci_le_enhanced_connection_complete_event  libbluenrg1_stack.a(aci_events.o)
    0x10077d16   0x10077d16   0x00000002   Code   RO         2996    i.hci_le_generate_dhkey_complete_event  libbluenrg1_stack.a(aci_events.o)
    0x10077d18   0x10077d18   0x00000002   Code   RO         2997    i.hci_le_long_term_key_request_event  libbluenrg1_stack.a(aci_events.o)
    0x10077d1a   0x10077d1a   0x00000002   Code   RO         2998    i.hci_le_read_local_p256_public_key_complete_event  libbluenrg1_stack.a(aci_events.o)
    0x10077d1c   0x10077d1c   0x00000002   Code   RO         2999    i.hci_le_read_remote_used_features_complete_event  libbluenrg1_stack.a(aci_events.o)
    0x10077d1e   0x10077d1e   0x00000016   Code   RO         2839    i.hci_le_set_scan_response_data  libbluenrg1_stack.a(hci.o)
    0x10077d34   0x10077d34   0x00000002   Code   RO         3000    i.hci_number_of_completed_packets_event  libbluenrg1_stack.a(aci_events.o)
    0x10077d36   0x10077d36   0x00000002   Code   RO         3001    i.hci_read_remote_version_information_complete_event  libbluenrg1_stack.a(aci_events.o)
    0x10077d38   0x10077d38   0x0000006c   Code   RO         2853    i.hci_rx_acl_data   libbluenrg1_stack.a(hci.o)
    0x10077da4   0x10077da4   0x00000004   Code   RO         3002    i.hci_rx_acl_data_event  libbluenrg1_stack.a(aci_events.o)
    0x10077da8   0x10077da8   0x00000048   Code   RO         2856    i.hci_tx_acl_data_done  libbluenrg1_stack.a(hci.o)
    0x10077df0   0x10077df0   0x00000010   Code   RO         3516    i.int32ToLe4Byte    libbluenrg1_stack.a(rom_ll_ll_routines.o)
    0x10077e00   0x10077e00   0x00000010   Code   RO         3585    i.int32ToLe4Byte    libbluenrg1_stack.a(sdb.o)
    0x10077e10   0x10077e10   0x00000010   Code   RO         3599    i.int32ToLe4Byte    libbluenrg1_stack.a(securitymgr.o)
    0x10077e20   0x10077e20   0x00000040   Code   RO         3023    i.int_cb_hci_acl_data_ind_event  libbluenrg1_stack.a(acl.o)
    0x10077e60   0x10077e60   0x00000054   Code   RO         3024    i.int_cb_hci_acl_data_tx_cmpl_event  libbluenrg1_stack.a(acl.o)
    0x10077eb4   0x10077eb4   0x00000026   Code   RO         3003    i.int_cb_hci_disconnection_complete_event  libbluenrg1_stack.a(aci_events.o)
    0x10077eda   0x10077eda   0x0000001a   Code   RO         3004    i.int_cb_hci_encryption_change_event  libbluenrg1_stack.a(aci_events.o)
    0x10077ef4   0x10077ef4   0x0000001a   Code   RO         3005    i.int_cb_hci_encryption_key_refresh_complete_event  libbluenrg1_stack.a(aci_events.o)
    0x10077f0e   0x10077f0e   0x0000001e   Code   RO         3006    i.int_cb_hci_le_advertising_report_event  libbluenrg1_stack.a(aci_events.o)
    0x10077f2c   0x10077f2c   0x00000026   Code   RO         3007    i.int_cb_hci_le_connection_complete_event  libbluenrg1_stack.a(aci_events.o)
    0x10077f52   0x10077f52   0x00000010   Code   RO         3008    i.int_cb_hci_le_data_length_change_event  libbluenrg1_stack.a(aci_events.o)
    0x10077f62   0x10077f62   0x0000001e   Code   RO         3009    i.int_cb_hci_le_direct_advertising_report_event  libbluenrg1_stack.a(aci_events.o)
    0x10077f80   0x10077f80   0x00000026   Code   RO         3010    i.int_cb_hci_le_enhanced_connection_complete_event  libbluenrg1_stack.a(aci_events.o)
    0x10077fa6   0x10077fa6   0x0000001a   Code   RO         3011    i.int_cb_hci_le_generate_dhkey_complete_event  libbluenrg1_stack.a(aci_events.o)
    0x10077fc0   0x10077fc0   0x0000000c   Code   RO         3012    i.int_cb_hci_le_long_term_key_request_event  libbluenrg1_stack.a(aci_events.o)
    0x10077fcc   0x10077fcc   0x0000001a   Code   RO         3013    i.int_cb_hci_le_read_local_p256_public_key_complete_event  libbluenrg1_stack.a(aci_events.o)
    0x10077fe6   0x10077fe6   0x0000001e   Code   RO         3716    i.is_Buffer_All_Set_To  libbluenrg1_stack.a(utils.o)
    0x10078004   0x10078004   0x00000034   Code   RO         3395    i.is_slave          libbluenrg1_stack.a(multi_master_time.o)
    0x10078038   0x10078038   0x00000020   Code   RO         3025    i.isr_Acl_Data_Indication_Queue_Full  libbluenrg1_stack.a(acl.o)
    0x10078058   0x10078058   0x00000020   Code   RO         3026    i.isr_Acl_Data_TX_Cmpl_Queue_Full  libbluenrg1_stack.a(acl.o)
    0x10078078   0x10078078   0x00000390   Code   RO         2867    i.isr_advertise_state  libbluenrg1_stack.a(ll_isr.o)
    0x10078408   0x10078408   0x000007d4   Code   RO         2869    i.isr_connect_slave_state  libbluenrg1_stack.a(ll_isr.o)
    0x10078bdc   0x10078bdc   0x00000600   Code   RO         3349    i.isr_event_handler  libbluenrg1_stack.a(ll_routines_master.o)
    0x100791dc   0x100791dc   0x00000002   Code   RO         3351    i.isr_event_handler_scan_data_ucfg  libbluenrg1_stack.a(ll_routines_master.o)
    0x100791de   0x100791de   0x00000002   PAD
    0x100791e0   0x100791e0   0x000001f4   Code   RO         3244    i.isr_postproc      libbluenrg1_stack.a(isr_postproc.o)
    0x100793d4   0x100793d4   0x00000110   Code   RO         3472    i.isr_postproc1     libbluenrg1_stack.a(rom_ll_isr_postproc.o)
    0x100794e4   0x100794e4   0x00000016   Code   RO         3473    i.isr_postproc_encrypt_data  libbluenrg1_stack.a(rom_ll_isr_postproc.o)
    0x100794fa   0x100794fa   0x00000002   PAD
    0x100794fc   0x100794fc   0x00000038   Code   RO         2871    i.isr_test_rx_state  libbluenrg1_stack.a(ll_isr.o)
    0x10079534   0x10079534   0x00000068   Code   RO         2872    i.isr_test_tx_state  libbluenrg1_stack.a(ll_isr.o)
    0x1007959c   0x1007959c   0x0000002c   Code   RO         2873    i.isr_unknown_state  libbluenrg1_stack.a(ll_isr.o)
    0x100795c8   0x100795c8   0x0000000a   Code   RO         3485    i.le2ByteToInt16    libbluenrg1_stack.a(rom_ll_isr_routines.o)
    0x100795d2   0x100795d2   0x00000016   Code   RO         3486    i.le4ByteToInt32    libbluenrg1_stack.a(rom_ll_isr_routines.o)
    0x100795e8   0x100795e8   0x00000016   Code   RO         3518    i.le4ByteToInt32    libbluenrg1_stack.a(rom_ll_ll_routines.o)
    0x100795fe   0x100795fe   0x00000004   Code   RO         3331    i.ll_write_supported_data_ucfg  libbluenrg1_stack.a(ll_routines.o)
    0x10079602   0x10079602   0x00000002   PAD
    0x10079604   0x10079604   0x00000020   Code   RO         3548    i.machine_time_trans  libbluenrg1_stack.a(rom_ll_timehandling.o)
    0x10079624   0x10079624   0x00000340   Code   RO         2376    i.main              ble_throughput_main.o
    0x10079964   0x10079964   0x000000a4   Code   RO         3364    i.mem_alloc_ctx_init  libbluenrg1_stack.a(mem_alloc.o)
    0x10079a08   0x10079a08   0x00000008   Code   RO         3563    i.microseconds_to_machine_time  libbluenrg1_stack.a(routines_support.o)
    0x10079a10   0x10079a10   0x0000001c   Code   RO         3542    i.modulo_37         libbluenrg1_stack.a(rom_ll_routines_support.o)
    0x10079a2c   0x10079a2c   0x0000001c   Code   RO         3396    i.nsar_init         libbluenrg1_stack.a(multi_master_time.o)
    0x10079a48   0x10079a48   0x00000020   Code   RO         3397    i.nsar_insertSlotListEntry  libbluenrg1_stack.a(multi_master_time.o)
    0x10079a68   0x10079a68   0x000000ac   Code   RO         3398    i.nsar_searchBestFreeSlot  libbluenrg1_stack.a(multi_master_time.o)
    0x10079b14   0x10079b14   0x00000022   Code   RO         3400    i.nsar_updateBestFreeSlot  libbluenrg1_stack.a(multi_master_time.o)
    0x10079b36   0x10079b36   0x00000002   PAD
    0x10079b38   0x10079b38   0x0000006c   Code   RO         3401    i.nsar_updateSlotListEntry  libbluenrg1_stack.a(multi_master_time.o)
    0x10079ba4   0x10079ba4   0x0000007c   Code   RO         3332    i.read_rssi         libbluenrg1_stack.a(ll_routines.o)
    0x10079c20   0x10079c20   0x000000b4   Code   RO         3406    i.schedule_advertise_slot  libbluenrg1_stack.a(multi_master_time.o)
    0x10079cd4   0x10079cd4   0x00000164   Code   RO         3586    i.sdb_delete        libbluenrg1_stack.a(sdb.o)
    0x10079e38   0x10079e38   0x000000c8   Code   RO         3587    i.sdb_find_client_data  libbluenrg1_stack.a(sdb.o)
    0x10079f00   0x10079f00   0x00000018   Code   RO         3588    i.sdb_get_gatt_db_start_address  libbluenrg1_stack.a(sdb.o)
    0x10079f18   0x10079f18   0x00000020   Code   RO         3589    i.sdb_invalidate_record  libbluenrg1_stack.a(sdb.o)
    0x10079f38   0x10079f38   0x00000024   Code   RO         3590    i.sdb_read_record   libbluenrg1_stack.a(sdb.o)
    0x10079f5c   0x10079f5c   0x00000010   Code   RO         3591    i.sdb_read_record_validity  libbluenrg1_stack.a(sdb.o)
    0x10079f6c   0x10079f6c   0x0000007c   Code   RO         3592    i.sdb_write_record  libbluenrg1_stack.a(sdb.o)
    0x10079fe8   0x10079fe8   0x00000004   Code   RO         3707    i.secure_connections_csr_ucfg  libbluenrg1_stack.a(smp_scv42_sap.o)
    0x10079fec   0x10079fec   0x00000100   Code   RO         3085    i.setGapAdvData     libbluenrg1_stack.a(gap.o)
    0x1007a0ec   0x1007a0ec   0x00000088   Code   RO         3549    i.set_freq          libbluenrg1_stack.a(rom_ll_timehandling.o)
    0x1007a174   0x1007a174   0x0000001c   Code   RO         3550    i.set_sca           libbluenrg1_stack.a(rom_ll_timehandling.o)
    0x1007a190   0x1007a190   0x00000010   Code   RO         3221    i.set_string        libbluenrg1_stack.a(hal.o)
    0x1007a1a0   0x1007a1a0   0x000001a4   Code   RO         3564    i.slave_advance     libbluenrg1_stack.a(routines_support.o)
    0x1007a344   0x1007a344   0x00000090   Code   RO         3601    i.sm_Get_Long_Term_Key  libbluenrg1_stack.a(securitymgr.o)
    0x1007a3d4   0x1007a3d4   0x00000110   Code   RO         3602    i.sm_RepeatedAttacks_Protection  libbluenrg1_stack.a(securitymgr.o)
    0x1007a4e4   0x1007a4e4   0x000000ca   Code   RO         3804    i.sma_CMAC_generate_tag  libbluenrg1_stack.a(smp_algo_sap.o)
    0x1007a5ae   0x1007a5ae   0x00000038   Code   RO         3805    i.sma_Calculate_Hash  libbluenrg1_stack.a(smp_algo_sap.o)
    0x1007a5e6   0x1007a5e6   0x00000080   Code   RO         3806    i.sma_generate_subkeys  libbluenrg1_stack.a(smp_algo_sap.o)
    0x1007a666   0x1007a666   0x0000002c   Code   RO         3807    i.sma_left_shift    libbluenrg1_stack.a(smp_algo_sap.o)
    0x1007a692   0x1007a692   0x00000018   Code   RO         3603    i.smp_Build_AuthReq_Field  libbluenrg1_stack.a(securitymgr.o)
    0x1007a6aa   0x1007a6aa   0x00000002   PAD
    0x1007a6ac   0x1007a6ac   0x00000044   Code   RO         3604    i.smp_Build_Pairing_ReqResp_Packet  libbluenrg1_stack.a(securitymgr.o)
    0x1007a6f0   0x1007a6f0   0x0000003c   Code   RO         3605    i.smp_Check_Incoming_Pairing_Parameters  libbluenrg1_stack.a(securitymgr.o)
    0x1007a72c   0x1007a72c   0x000000b8   Code   RO         3606    i.smp_Determine_Key_Association_Method  libbluenrg1_stack.a(securitymgr.o)
    0x1007a7e4   0x1007a7e4   0x00000190   Code   RO         3607    i.smp_Execute_Actions_wrt_Current_State  libbluenrg1_stack.a(securitymgr.o)
    0x1007a974   0x1007a974   0x00000002   Code   RO         3609    i.smp_Execute_Actions_wrt_Current_State_MI_excerpt_ucfg  libbluenrg1_stack.a(securitymgr.o)
    0x1007a976   0x1007a976   0x00000002   Code   RO         3613    i.smp_Execute_Actions_wrt_Current_State_sc_excerpt_phase2as2_ucfg  libbluenrg1_stack.a(securitymgr.o)
    0x1007a978   0x1007a978   0x00000004   Code   RO         3615    i.smp_Execute_Actions_wrt_Current_State_sc_excerpt_phase_1_to_2_ucfg  libbluenrg1_stack.a(securitymgr.o)
    0x1007a97c   0x1007a97c   0x00000088   Code   RO         3616    i.smp_Get_Pairing_Parameters_From_Peer_Packet  libbluenrg1_stack.a(securitymgr.o)
    0x1007aa04   0x1007aa04   0x00000034   Code   RO         3685    i.smp_Keys_Distribution_Complete  libbluenrg1_stack.a(smp_common.o)
    0x1007aa38   0x1007aa38   0x0000011c   Code   RO         3617    i.smp_Keys_Distribution_Send  libbluenrg1_stack.a(securitymgr.o)
    0x1007ab54   0x1007ab54   0x00000004   Code   RO         3620    i.smp_MI_Start_Encryption_ucfg  libbluenrg1_stack.a(securitymgr.o)
    0x1007ab58   0x1007ab58   0x00000004   Code   RO         3622    i.smp_Process_Rx_Packet_Exception_Cases_sc_excerpt_ucfg  libbluenrg1_stack.a(securitymgr.o)
    0x1007ab5c   0x1007ab5c   0x000000f4   Code   RO         3623    i.smp_Process_Rx_Packet_wrt_Current_State  libbluenrg1_stack.a(securitymgr.o)
    0x1007ac50   0x1007ac50   0x00000004   Code   RO         3625    i.smp_Process_Rx_Packet_wrt_Current_State_MI_excerpt_ucfg  libbluenrg1_stack.a(securitymgr.o)
    0x1007ac54   0x1007ac54   0x00000004   Code   RO         3627    i.smp_Process_Rx_Packet_wrt_Current_State_sc_excerpt_ucfg  libbluenrg1_stack.a(securitymgr.o)
    0x1007ac58   0x1007ac58   0x00000020   Code   RO         3628    i.smp_Reset_Timer   libbluenrg1_stack.a(securitymgr.o)
    0x1007ac78   0x1007ac78   0x00000170   Code   RO         3629    i.smp_SR_Compute_c1_Confirm_Value  libbluenrg1_stack.a(securitymgr.o)
    0x1007ade8   0x1007ade8   0x00000078   Code   RO         3630    i.smp_Set_Key_Association_Method  libbluenrg1_stack.a(securitymgr.o)
    0x1007ae60   0x1007ae60   0x00000010   Code   RO         3686    i.smp____PairingFailed_Receive  libbluenrg1_stack.a(smp_common.o)
    0x1007ae70   0x1007ae70   0x00000074   Code   RO         3687    i.smp____Pairing_Process_Abort  libbluenrg1_stack.a(smp_common.o)
    0x1007aee4   0x1007aee4   0x0000007c   Code   RO         3636    i.smp____SR_PairingConfirm_Receive  libbluenrg1_stack.a(securitymgr.o)
    0x1007af60   0x1007af60   0x00000130   Code   RO         3637    i.smp____SR_PairingRandom_Receive  libbluenrg1_stack.a(securitymgr.o)
    0x1007b090   0x1007b090   0x000001b8   Code   RO         3638    i.smp____SR_PairingRequest_Receive  libbluenrg1_stack.a(securitymgr.o)
    0x1007b248   0x1007b248   0x0000014c   Code   RO         3688    i.smp_add_to_sdb    libbluenrg1_stack.a(smp_common.o)
    0x1007b394   0x1007b394   0x00000040   Code   RO         3689    i.smp_find_remote_device_index  libbluenrg1_stack.a(smp_common.o)
    0x1007b3d4   0x1007b3d4   0x0000001e   Code   RO         3690    i.smp_get_CSRK      libbluenrg1_stack.a(smp_common.o)
    0x1007b3f2   0x1007b3f2   0x00000002   PAD
    0x1007b3f4   0x1007b3f4   0x00000040   Code   RO         3691    i.smp_get_local_identity_address  libbluenrg1_stack.a(smp_common.o)
    0x1007b434   0x1007b434   0x00000036   Code   RO         3693    i.smp_keys_distribution_start  libbluenrg1_stack.a(smp_common.o)
    0x1007b46a   0x1007b46a   0x000000d6   Code   RO         3694    i.smp_keys_receiving  libbluenrg1_stack.a(smp_common.o)
    0x1007b540   0x1007b540   0x0000003c   Code   RO         3695    i.smp_oob_check_is_remote_data_present  libbluenrg1_stack.a(smp_common.o)
    0x1007b57c   0x1007b57c   0x00000036   Code   RO         3697    i.smp_pairing_2octets_packet_send  libbluenrg1_stack.a(smp_common.o)
    0x1007b5b2   0x1007b5b2   0x00000002   PAD
    0x1007b5b4   0x1007b5b4   0x0000008c   Code   RO         3698    i.smp_pairing_completed  libbluenrg1_stack.a(smp_common.o)
    0x1007b640   0x1007b640   0x0000002a   Code   RO         3699    i.smp_pairing_failed_send  libbluenrg1_stack.a(smp_common.o)
    0x1007b66a   0x1007b66a   0x00000002   Code   RO         3650    i.smp_sc_SR_PairingConfirm_Receive_sc_excerpt_ucfg  libbluenrg1_stack.a(securitymgr.o)
    0x1007b66c   0x1007b66c   0x00000002   Code   RO         3652    i.smp_sc_SR_PairingRandom_Receive_sc_excerpt_ucfg  libbluenrg1_stack.a(securitymgr.o)
    0x1007b66e   0x1007b66e   0x00000002   Code   RO         3654    i.smp_sc_SR_Pairing_Phase_2AS1_Start_sc_excerpt_ucfg  libbluenrg1_stack.a(securitymgr.o)
    0x1007b670   0x1007b670   0x00000002   Code   RO         3815    i.smp_sc_check_for_ecc_pk_generation_request_ucfg  libbluenrg1_stack.a(smp_scv42_caf.o)
    0x1007b672   0x1007b672   0x00000004   Code   RO         3817    i.smp_sc_continue_on_exclusive_sc_pairing_ucfg  libbluenrg1_stack.a(smp_scv42_caf.o)
    0x1007b676   0x1007b676   0x00000002   Code   RO         3709    i.smp_sc_hci_le_generate_dhkey_complete_evt_hndl_ucfg  libbluenrg1_stack.a(smp_scv42_sap.o)
    0x1007b678   0x1007b678   0x00000002   Code   RO         3711    i.smp_sc_hci_le_read_local_p256_public_key_complete_evt_hndl_ucfg  libbluenrg1_stack.a(smp_scv42_sap.o)
    0x1007b67a   0x1007b67a   0x00000002   Code   RO         3822    i.smp_sc_init_ucfg  libbluenrg1_stack.a(smp_scv42_caf.o)
    0x1007b67c   0x1007b67c   0x00000038   Code   RO         3823    i.smp_sc_is_any_other_sc_pairing_ongoing  libbluenrg1_stack.a(smp_scv42_caf.o)
    0x1007b6b4   0x1007b6b4   0x00000002   Code   RO         3832    i.smp_sc_update_statistics_on_pairing_complete_ucfg  libbluenrg1_stack.a(smp_scv42_caf.o)
    0x1007b6b6   0x1007b6b6   0x0000001e   Code   RO         3655    i.smp_send_packet   libbluenrg1_stack.a(securitymgr.o)
    0x1007b6d4   0x1007b6d4   0x000000bc   Code   RO         3407    i.start_timebase    libbluenrg1_stack.a(multi_master_time.o)
    0x1007b790   0x1007b790   0x00000002   Code   RO         2874    i.state_func_call_init_csr_ucfg  libbluenrg1_stack.a(ll_isr.o)
    0x1007b792   0x1007b792   0x0000001e   Code   RO         3203    i.store_data        libbluenrg1_stack.a(gatt_server.o)
    0x1007b7b0   0x1007b7b0   0x0000013c   Code   RO         3565    i.swap_slaves       libbluenrg1_stack.a(routines_support.o)
    0x1007b8ec   0x1007b8ec   0x0000000a   Code   RO         3408    i.swap_u16          libbluenrg1_stack.a(multi_master_time.o)
    0x1007b8f6   0x1007b8f6   0x0000000a   Code   RO         3566    i.swap_u16          libbluenrg1_stack.a(routines_support.o)
    0x1007b900   0x1007b900   0x0000000a   Code   RO         3567    i.swap_u32          libbluenrg1_stack.a(routines_support.o)
    0x1007b90a   0x1007b90a   0x0000000a   Code   RO         3568    i.swap_u8           libbluenrg1_stack.a(routines_support.o)
    0x1007b914   0x1007b914   0x00000010   Code   RO         3551    i.system_time_trans  libbluenrg1_stack.a(rom_ll_timehandling.o)
    0x1007b924   0x1007b924   0x00000030   Code   RO         3552    i.system_time_trans_ext  libbluenrg1_stack.a(rom_ll_timehandling.o)
    0x1007b954   0x1007b954   0x0000000e   Code   RO         3553    i.time_offset1      libbluenrg1_stack.a(rom_ll_timehandling.o)
    0x1007b962   0x1007b962   0x00000002   PAD
    0x1007b964   0x1007b964   0x00000010   Code   RO         3554    i.time_offset2      libbluenrg1_stack.a(rom_ll_timehandling.o)
    0x1007b974   0x1007b974   0x0000003c   Code   RO         3409    i.timebase_start_connect  libbluenrg1_stack.a(multi_master_time.o)
    0x1007b9b0   0x1007b9b0   0x0000002e   Code   RO         3487    i.unpack_channel_map  libbluenrg1_stack.a(rom_ll_isr_routines.o)
    0x1007b9de   0x1007b9de   0x00000048   Code   RO         3488    i.unpack_update_request  libbluenrg1_stack.a(rom_ll_isr_routines.o)
    0x1007ba26   0x1007ba26   0x00000024   Code   RO         3474    i.wait_for_aes_ready  libbluenrg1_stack.a(rom_ll_isr_postproc.o)
    0x1007ba4a   0x1007ba4a   0x00000002   PAD
    0x1007ba4c   0x1007ba4c   0x0000002c   Code   RO         4030    locale$$code        c_p.l(lc_numeric_c.o)
    0x1007ba78   0x1007ba78   0x0000008c   Code   RO         3953    x$fpl$fadd          fz_ps.l(faddsub.o)
    0x1007bb04   0x1007bb04   0x000000b0   Code   RO         3964    x$fpl$fmul          fz_ps.l(fmul.o)
    0x1007bbb4   0x1007bbb4   0x000000d0   Code   RO         3955    x$fpl$fsub          fz_ps.l(faddsub.o)
    0x1007bc84   0x1007bc84   0x00000010   Code   RO         3966    x$fpl$printf1       fz_ps.l(printf1.o)
    0x1007bc94   0x1007bc94   0x00000000   Code   RO         3984    x$fpl$usenofp       fz_ps.l(usenofp.o)
    0x1007bc94   0x1007bc94   0x00000008   Data   RO         1679    .constdata          sdk_eval_config.o
    0x1007bc9c   0x1007bc9c   0x00000004   Data   RO         1680    .constdata          sdk_eval_config.o
    0x1007bca0   0x1007bca0   0x00000004   Data   RO         1681    .constdata          sdk_eval_config.o
    0x1007bca4   0x1007bca4   0x00000004   Data   RO         1682    .constdata          sdk_eval_config.o
    0x1007bca8   0x1007bca8   0x00000004   Data   RO         1683    .constdata          sdk_eval_config.o
    0x1007bcac   0x1007bcac   0x00000020   Data   RO         1692    .constdata          sdk_eval_config.o
    0x1007bccc   0x1007bccc   0x00000034   Data   RO         2378    .constdata          ble_throughput_main.o
    0x1007bd00   0x1007bd00   0x0000001a   Data   RO         2875    .constdata          libbluenrg1_stack.a(ll_isr.o)
    0x1007bd1a   0x1007bd1a   0x00000002   PAD
    0x1007bd1c   0x1007bd1c   0x0000011c   Data   RO         3014    .constdata          libbluenrg1_stack.a(aci_events.o)
    0x1007be38   0x1007be38   0x00000010   Data   RO         3555    .constdata          libbluenrg1_stack.a(rom_ll_timehandling.o)
    0x1007be48   0x1007be48   0x00000019   Data   RO         3656    .constdata          libbluenrg1_stack.a(securitymgr.o)
    0x1007be61   0x1007be61   0x00000010   Data   RO         3744    .constdata          libbluenrg1_stack.a(att.o)
    0x1007be71   0x1007be71   0x00000028   Data   RO         3877    .constdata          c_p.l(_printf_hex_int.o)
    0x1007be99   0x1007be99   0x00000011   Data   RO         3907    .constdata          c_p.l(__printf_flags_wp.o)
    0x1007beaa   0x1007beaa   0x00000040   Data   RO         3960    .constdata          fz_ps.l(fdiv.o)
    0x1007beea   0x1007beea   0x00000002   PAD
    0x1007beec   0x1007beec   0x00000094   Data   RO         4019    .constdata          c_p.l(bigflt0.o)
    0x1007bf80   0x1007bf80   0x0000005e   Data   RO         2328    .conststring        gatt_db.o
    0x1007bfde   0x1007bfde   0x00000002   PAD
    0x1007bfe0   0x1007bfe0   0x00000080   Data   RO         4189    Region$$Table       anon$$obj.o
    0x1007c060   0x1007c060   0x0000001c   Data   RO         4029    locale$$data        c_p.l(lc_numeric_c.o)


    Execution Region BLOCK_STACKLIB_FLASH_DATA (Exec base: 0x1007f000, Load base: 0x1007c07c, Size: 0x00000838, Max: 0x00001000, ABSOLUTE, UNINIT)

    Exec Addr    Load Addr    Size         Type   Attr      Idx    E Section Name        Object

    0x1007f000        -       0x00000800   Zero   RW         2381    .noinit.stacklib_flash_data  ble_throughput_main.o
    0x1007f800        -       0x00000038   Zero   RW         2382    .noinit.stacklib_stored_device_id_data  ble_throughput_main.o


    Execution Region ota_sw_activation_block (Exec base: 0x20000004, Load base: 0x1007c07c, Size: 0x00000000, Max: 0x00000004, ABSOLUTE, UNINIT)

    **** No section assigned to this execution region ****


    Execution Region savedMSP_block (Exec base: 0x20000008, Load base: 0x1007c07c, Size: 0x00000004, Max: 0x00000004, ABSOLUTE)

    Exec Addr    Load Addr    Size         Type   Attr      Idx    E Section Name        Object

    0x20000008   0x1007c07c   0x00000004   Data   RW         1999    .savedMSP           system_bluenrg1.o


    Execution Region wakeupFromSleepFlag_block (Exec base: 0x2000000c, Load base: 0x1007c080, Size: 0x00000004, Max: 0x00000004, ABSOLUTE)

    Exec Addr    Load Addr    Size         Type   Attr      Idx    E Section Name        Object

    0x2000000c   0x1007c080   0x00000001   Data   RW         2000    .wakeupFromSleepFlag  system_bluenrg1.o


    Execution Region app_base_block (Exec base: 0x20000010, Load base: 0x1007c084, Size: 0x00000004, Max: 0x00000004, ABSOLUTE)

    Exec Addr    Load Addr    Size         Type   Attr      Idx    E Section Name        Object

    0x20000010   0x1007c084   0x00000004   Data   RW         1989    .app_base           system_bluenrg1.o


    Execution Region flash_sw_lock_block (Exec base: 0x20000014, Load base: 0x1007c088, Size: 0x00000004, Max: 0x00000004, ABSOLUTE)

    Exec Addr    Load Addr    Size         Type   Attr      Idx    E Section Name        Object

    0x20000014   0x1007c088   0x00000004   Data   RW         1996    .flash_sw_lock      system_bluenrg1.o


    Execution Region Blue_Flag_Ram_block (Exec base: 0x20000030, Load base: 0x1007c08c, Size: 0x00000004, Max: 0x00000004, ABSOLUTE)

    Exec Addr    Load Addr    Size         Type   Attr      Idx    E Section Name        Object

    0x20000030   0x1007c08c   0x00000004   Data   RW         1988    .__blueflag_RAM     system_bluenrg1.o


    Execution Region Crash_Info_block (Exec base: 0x20000034, Load base: 0x1007c090, Size: 0x00000000, Max: 0x00000028, ABSOLUTE, UNINIT)

    **** No section assigned to this execution region ****


    Execution Region BLUE (Exec base: 0x200000c0, Load base: 0x1007c090, Size: 0x0000020c, Max: 0x0000020c, ABSOLUTE, COMPRESSED[0x00000008])

    Exec Addr    Load Addr    Size         Type   Attr      Idx    E Section Name        Object

    0x200000c0   COMPRESSED   0x0000020c   Data   RW         1991    .bss.__blue_RAM     system_bluenrg1.o


    Execution Region REGION_RAM2 (Exec base: 0x200002cc, Load base: 0x1007c098, Size: 0x00000288, Max: 0x00005d34, ABSOLUTE)

    Exec Addr    Load Addr    Size         Type   Attr      Idx    E Section Name        Object

    0x200002cc   0x1007c098   0x00000004   Data   RW         1557    .data               sdk_eval_com.o
    0x200002d0   0x1007c09c   0x00000001   Data   RW         1704    .data               sdk_eval_config.o
    0x200002d1   0x1007c09d   0x00000003   PAD
    0x200002d4   0x1007c0a0   0x00000008   Data   RW         1746    .data               sdk_eval_button.o
    0x200002dc   0x1007c0a8   0x00000005   Data   RW         1877    .data               sdk_eval_adc.o
    0x200002e1   0x1007c0ad   0x00000003   PAD
    0x200002e4   0x1007c0b0   0x00000004   Data   RW         1992    .data               system_bluenrg1.o
    0x200002e8   0x1007c0b4   0x00000004   Data   RW         1993    .data               system_bluenrg1.o
    0x200002ec   0x1007c0b8   0x00000004   Data   RW         1994    .data               system_bluenrg1.o
    0x200002f0   0x1007c0bc   0x00000007   Data   RW         1995    .data               system_bluenrg1.o
    0x200002f7   0x1007c0c3   0x00000001   PAD
    0x200002f8   0x1007c0c4   0x00000006   Data   RW         2201    .data               bluenrg1_it.o
    0x200002fe   0x1007c0ca   0x0000000e   Data   RW         2329    .data               gatt_db.o
    0x2000030c   0x1007c0d8   0x00000012   Data   RW         2379    .data               ble_throughput_main.o
    0x2000031e   0x1007c0ea   0x00000002   PAD
    0x20000320   0x1007c0ec   0x0000000c   Data   RW         2477    .data               throughput.o
    0x2000032c   0x1007c0f8   0x00000004   Data   RW         2559    .data               clock.o
    0x20000330   0x1007c0fc   0x00000048   Data   RW         2876    .data               libbluenrg1_stack.a(ll_isr.o)
    0x20000378   0x1007c144   0x00000004   Data   RW         3366    .data               libbluenrg1_stack.a(mem_alloc.o)
    0x2000037c        -       0x00000020   Zero   RW         1990    .bss                system_bluenrg1.o
    0x2000039c        -       0x00000080   Zero   RW         2200    .bss                bluenrg1_it.o
    0x2000041c        -       0x000000a4   Zero   RW         2327    .bss                gatt_db.o
    0x200004c0        -       0x00000034   Zero   RW         3365    .bss                libbluenrg1_stack.a(mem_alloc.o)
    0x200004f4        -       0x00000060   Zero   RW         4037    .bss                c_p.l(libspace.o)


    Execution Region REGION_RAM3 (Exec base: 0x20000554, Load base: 0x1007c148, Size: 0x00002268, Max: 0x00005d34, ABSOLUTE, UNINIT)

    Exec Addr    Load Addr    Size         Type   Attr      Idx    E Section Name        Object

    0x20000554        -       0x00002268   Zero   RW         2380    .noinit.data        ble_throughput_main.o


    Execution Region ARM_LIB_STACKHEAP (Exec base: 0x20005400, Load base: 0x1007c148, Size: 0x00000c00, Max: 0x00000c00, ABSOLUTE)

    Exec Addr    Load Addr    Size         Type   Attr      Idx    E Section Name        Object

    0x20005400        -       0x00000c00   Zero   RW            2    ARM_LIB_STACKHEAP.bss  anon$$obj.o


==============================================================================

Image component sizes


      Code (inc. data)   RO Data    RW Data    ZI Data      Debug   Object Name

       832        256         52         18      10912       4322   ble_throughput_main.o
       722         56          0          0          0      39406   bluenrg1_adc.o
       116         34          0          0          0       2470   bluenrg1_flash.o
       254         12          0          0          0       9675   bluenrg1_gpio.o
       348         72          0          6        128      11341   bluenrg1_it.o
       252          0          0          0          0       8790   bluenrg1_mft.o
        20          0          0          0          0        564   bluenrg1_pka.o
        24          6          0          0          0        701   bluenrg1_sysctrl.o
       452         46          0          0          0      10163   bluenrg1_uart.o
        92         30          0          4          0       9449   clock.o
       100         30          0          0          0        552   context_switch.o
       932        316         94         14        164       5186   gatt_db.o
       136         12          0          0          0       7812   misc.o
       108         14          0          0          0       4042   miscutil.o
        24          0          0          0          0       2030   osal.o
        48          4          0          5          0       1483   sdk_eval_adc.o
       344         70          0          8          0       5608   sdk_eval_button.o
       246         18          0          4          0       8376   sdk_eval_com.o
        24         10         56          1          0       4001   sdk_eval_config.o
       320         14          0          0          0       4117   sdk_eval_led.o
       356         34          0          0          0       3544   sdk_eval_timer.o
       876        112        192        560         32      19365   system_bluenrg1.o
      1314        584          0         12          0       8633   throughput.o

    ----------------------------------------------------------------------
      7964       1730        524        644      16356     171630   Object Totals
         0          0        128          0       5120          0   (incl. Generated)
        24          0          2         12          0          0   (incl. Padding)

    ----------------------------------------------------------------------

      Code (inc. data)   RO Data    RW Data    ZI Data      Debug   Library Member Name

        86          0          0          0          0          0   __dczerorl2.o
         8          0          0          0          0         68   __main.o
       312          6         17          0          0         76   __printf_flags_wp.o
        14          0          0          0          0         60   __printf_wp.o
         0          0          0          0          0          0   __rtentry.o
        12          0          0          0          0          0   __rtentry2.o
         8          4          0          0          0          0   __rtentry6.o
        60          8          0          0          0          0   __scatter.o
        26          0          0          0          0          0   __scatter_copy.o
        28          0          0          0          0          0   __scatter_zi.o
        46          0          0          0          0        100   _printf_char.o
        48          6          0          0          0         88   _printf_char_common.o
        40          6          0          0          0         72   _printf_char_file.o
        10          0          0          0          0          0   _printf_d.o
       108         18          0          0          0         76   _printf_dec.o
        10          0          0          0          0          0   _printf_f.o
      1048         14          0          0          0        176   _printf_fp_dec.o
       136         16          0          0          0         76   _printf_fp_infnan.o
        88          4         40          0          0         72   _printf_hex_int.o
       176          0          0          0          0         84   _printf_intcommon.o
        78          0          0          0          0        100   _printf_pad.o
         2          0          0          0          0          0   _printf_percent.o
         4          0          0          0          0          0   _printf_percent_end.o
        10          0          0          0          0          0   _printf_s.o
        82          0          0          0          0         72   _printf_str.o
        10          0          0          0          0          0   _printf_x.o
       488          0          0          0          0         92   aeabi_sdivfast.o
       216          6        148          0          0         80   bigflt0.o
      1456         30          0          0          0        336   btod.o
        16          0          0          0          0         68   exit.o
         8          0          0          0          0         60   ferror.o
         0          0          0          0          0          0   indicate_semi.o
        44         10         28          0          0         76   lc_numeric_c.o
         2          0          0          0          0          0   libinit.o
        18          0          0          0          0          0   libinit2.o
         2          0          0          0          0          0   libshutdown.o
         2          0          0          0          0          0   libshutdown2.o
         0          0          0          0         96          0   libspace.o
       122          0          0          0          0         72   lludiv10.o
        90          0          0          0          0         68   memcmp.o
        12          0          0          0          0         68   memcpy.o
        28          0          0          0          0         68   memset.o
        28          6          0          0          0         84   noretval__2printf.o
         8          4          0          0          0         68   rt_locale_intlibspace.o
        64          0          0          0          0        108   rt_memclr.o
       186          0          0          0          0        144   rt_memcpy.o
       150          0          0          0          0        104   rt_memmove.o
         2          0          0          0          0          0   rtexit.o
        10          0          0          0          0          0   rtexit2.o
        40          0          0          0          0         60   rtudiv10.o
       160          4          0          0          0         80   strcmpv6m.o
        12          4          0          0          0         60   sys_exit.o
        34          0          0          0          0         60   uread4.o
         2          0          0          0          0         68   use_no_semi.o
       124          4          0          0          0         72   d2f.o
       856         20          0          0          0        208   daddsub.o
        72          4          0          0          0         68   dfixui.o
       584         26          0          0          0         84   dmul.o
        84          4          0          0          0         60   f2d.o
       348          8          0          0          0        160   faddsub.o
       352         10         64          0          0         92   fdiv.o
        94          0          0          0          0         92   fflti.o
       176          4          0          0          0         80   fmul.o
        16          4          0          0          0         76   printf1.o
         0          0          0          0          0          0   usenofp.o
      3114          0        284          0          0          0   aci_events.o
       468          0          0          0          0          0   acl.o
       268          0          0          0          0          0   acl_list.o
      1596          0          0          0          0          0   advance_wakeup_time.o
      5784          0         16          0          0          0   att.o
       206          0          0          0          0          0   bluenrg_gap_aci.o
       216          0          0          0          0          0   bluenrg_gatt_aci.o
        16          0          0          0          0          0   bluenrg_hal_aci.o
      1040          0          0          0          0          0   bluenrg_main_func.o
        88          0          0          0          0          0   bluenrg_main_func_speed.o
       296          0          0          0          0          0   device_id_data.o
      1986          0          0          0          0          0   gap.o
        60          0          0          0          0          0   gatt_client.o
      7970          0          0          0          0          0   gatt_server.o
       736          0          0          0          0          0   hal.o
       452          0          0          0          0          0   hci.o
       898          0          0          0          0          0   host_timer.o
       500          0          0          0          0          0   isr_postproc.o
       344          0          0          0          0          0   isr_routines.o
      1782          0          0          0          0          0   l2cap.o
      3958          0         26         72          0          0   ll_isr.o
       452          0          0          0          0          0   ll_privacy.o
       374          0          0          0          0          0   ll_routines.o
      1964          0          0          0          0          0   ll_routines_master.o
       316          0          0          0          0          0   ll_routines_support.o
       796          0          0          4         52          0   mem_alloc.o
      1122          0          0          0          0          0   mem_buff.o
      2948          0          0          0          0          0   multi_master_time.o
        76          0          0          0          0          0   nvm.o
       690          0          0          0          0          0   pm.o
       344          0          0          0          0          0   rom_att.o
       700          0          0          0          0          0   rom_gap.o
       148          0          0          0          0          0   rom_gap_rom.o
       146          0          0          0          0          0   rom_gatt_server.o
       114          0          0          0          0          0   rom_list.o
       330          0          0          0          0          0   rom_ll_isr_postproc.o
      1168          0          0          0          0          0   rom_ll_isr_routines.o
      3032          0          0          0          0          0   rom_ll_ll_routines.o
       124          0          0          0          0          0   rom_ll_routines_support.o
       316          0         16          0          0          0   rom_ll_timehandling.o
      1194          0          0          0          0          0   routines_support.o
      2536          0          0          0          0          0   sdb.o
      3576          0         25          0          0          0   securitymgr.o
       832          0          0          0          0          0   smp_algo_sap.o
      3018          0          0          0          0          0   smp_common.o
        66          0          0          0          0          0   smp_scv42_caf.o
        40          0          0          0          0          0   smp_scv42_sap.o
        44          0          0          0          0          0   utils.o
        44          4          0          0          0         60   fpclassify.o

    ----------------------------------------------------------------------
     66744        234        668         76        148       3996   Library Totals
       100          0          4          0          0          0   (incl. Padding)

    ----------------------------------------------------------------------

      Code (inc. data)   RO Data    RW Data    ZI Data      Debug   Library Name

      5650        146        233          0         96       2944   c_p.l
      2706         84         64          0          0        992   fz_ps.l
     58244          0        367         76         52          0   libbluenrg1_stack.a
        44          4          0          0          0         60   m_ps.l

    ----------------------------------------------------------------------
     66744        234        668         76        148       3996   Library Totals

    ----------------------------------------------------------------------

==============================================================================


      Code (inc. data)   RO Data    RW Data    ZI Data      Debug   

     74708       1964       1192        720      16504     168906   Grand Totals
     74708       1964       1192        204      16504     168906   ELF Image Totals (compressed)
     74708       1964       1192        204          0          0   ROM Totals

==============================================================================

    Total RO  Size (Code + RO Data)                75900 (  74.12kB)
    Total RW  Size (RW Data + ZI Data)             17224 (  16.82kB)
    Total ROM Size (Code + RO Data + RW Data)      76104 (  74.32kB)

==============================================================================

