<html>
<body>
<pre>
<h1>µVision Build Log</h1>
<h2>Tool Versions:</h2>
IDE-Version: ¦ÌVision V5.23.0.0
Copyright (C) 2017 ARM Ltd and ARM Germany GmbH. All rights reserved.
License Information: FAN TANG, FWF, LIC=TA301-CUF57-9XLUW-QFZA5-WSZ4E-LRYHN
 
Tool Versions:
Toolchain:       MDK-ARM Professional  Version: 5.23
Toolchain Path:  D:\Software\Keil_V5\ARM\ARMCC\Bin
C Compiler:      Armcc.exe V5.06 update 4 (build 422)
Assembler:       Armasm.exe V5.06 update 4 (build 422)
Linker/Locator:  ArmLink.exe V5.06 update 4 (build 422)
Library Manager: ArmAr.exe V5.06 update 4 (build 422)
Hex Converter:   FromElf.exe V5.06 update 4 (build 422)
CPU DLL:         SARMCM3.DLL V5.23
Dialog DLL:      DARMCM1.DLL V1.17.0.0
Target DLL:      STLink\ST-LINKIII-KEIL_SWO.dll V2.0.18.0
Dialog DLL:      TARMCM1.DLL V1.12.0.0
 
<h2>Project:</h2>
C:\Users\TANG\Desktop\Firmware\Projects\BlueNRG-1\Applications\Lighting_Demo\MDK-ARM\STEVAL-IDB007V1\Project.uvprojx
Project File Date:  12/08/2018

<h2>Output:</h2>
*** Using Compiler 'V5.06 update 4 (build 422)', folder: 'D:\Software\Keil_V5\ARM\ARMCC\Bin'
Build target 'Lighting'
compiling main.c...
compiling appli_sensor.c...
linking...
Program Size: Code=142552 RO-data=10008 RW-data=1172 ZI-data=22024  
FromELF: creating hex file...
After Build - User command #1: fromelf.exe --bin .\Objects\BlueNRG1_Lighting_Demo.axf --output .\Objects\BlueNRG1_Lighting_Demo.bin
".\Objects\BlueNRG1_Lighting_Demo.axf" - 0 Error(s), 0 Warning(s).

<h2>Collection of Component include folders:</h2>
  .\RTE\_Lighting

<h2>Collection of Component Files used:</h2>
Build Time Elapsed:  00:00:01
</pre>
</body>
</html>
