<html>
<body>
<pre>
<h1>µVision Build Log</h1>
<h2>Tool Versions:</h2>
IDE-Version: ¦ÌVision V5.25.2.0
Copyright (C) 2018 ARM Ltd and ARM Germany GmbH. All rights reserved.
License Information: FAN TANG, FWF, LIC=TA301-CUF57-9XLUW-QFZA5-WSZ4E-LRYHN
 
Tool Versions:
Toolchain:       MDK-ARM Professional  Version: 5.25.2.0
Toolchain Path:  D:\Software\Keil_V5\ARM\ARMCC\Bin
C Compiler:      Armcc.exe V5.06 update 6 (build 750)
Assembler:       Armasm.exe V5.06 update 6 (build 750)
Linker/Locator:  ArmLink.exe V5.06 update 6 (build 750)
Library Manager: ArmAr.exe V5.06 update 6 (build 750)
Hex Converter:   FromElf.exe V5.06 update 6 (build 750)
CPU DLL:         SARMCM3.DLL V5.25.2.0
Dialog DLL:      DARMCM1.DLL V1.19.1.0
Target DLL:      STLink\ST-LINKIII-KEIL_SWO.dll V3.0.1.0
Dialog DLL:      TARMCM1.DLL V1.14.0.0
 
<h2>Project:</h2>
D:\Work\Hexseed\Hexseed\4.Chat_Software\HexSeed_Chat_V3.0201811291650\Project\BLE_HexSeed\BLE_Throughput\MDK-ARM\BlueNRG-2\BLE_Throughput.uvprojx
Project File Date:  09/29/2019

<h2>Output:</h2>
*** Using Compiler 'V5.06 update 6 (build 750)', folder: 'D:\Software\Keil_V5\ARM\ARMCC\Bin'
Build target 'Server_unidirectional'
compiling BlueNRG1_mft.c...
compiling BlueNRG1_adc.c...
compiling BlueNRG1_dma.c...
compiling BlueNRG1_sysCtrl.c...
compiling BlueNRG1_rng.c...
compiling BlueNRG1_gpio.c...
compiling BlueNRG1_flash.c...
compiling BlueNRG1_i2c.c...
compiling BlueNRG1_spi.c...
compiling BlueNRG1_rtc.c...
compiling BlueNRG1_uart.c...
compiling misc.c...
compiling BlueNRG1_wdg.c...
compiling BlueNRG1_pka.c...
compiling SDK_EVAL_Config.c...
compiling SDK_EVAL_Com.c...
compiling SDK_EVAL_ADC.c...
compiling SDK_EVAL_Button.c...
compiling SDK_EVAL_Led.c...
compiling SDK_EVAL_Timer.c...
compiling system_bluenrg1.c...
compiling BlueNRG1_it.c...
compiling osal.c...
compiling stack_user_cfg.c...
assembling context_switch.s...
compiling gp_timer.c...
compiling clock.c...
compiling miscutil.c...
compiling gatt_db.c...
compiling BLE_Throughput_main.c...
..\..\src\BLE_Throughput_main.c(30): warning:  #177-D: variable "adc_switch"  was declared but never referenced
  static uint8_t adc_switch = 0;
..\..\src\BLE_Throughput_main.c: 1 warning, 0 errors
compiling throughput.c...
linking...
Program Size: Code=74708 RO-data=1192 RW-data=720 ZI-data=16504  
FromELF: creating hex file...
After Build - User command #1: fromelf.exe --bin Server_unidirectional\Objects\BLE_Throughput_Server_unidirectional.axf --output Server_unidirectional\Objects\BLE_Throughput_Server_unidirectional.bin
".\Server_unidirectional\Objects\BLE_Throughput_Server_unidirectional.axf" - 0 Error(s), 1 Warning(s).

<h2>Software Packages used:</h2>

Package Vendor: Keil
                http://www.keil.com/pack/Keil.STBlueNRG-2_DFP.1.0.1.pack
                Keil.STBlueNRG-2_DFP.1.0.1
                STMicroelectronics BlueNRG-2 Series Device Support

<h2>Collection of Component include folders:</h2>
  .\RTE\_Server_unidirectional

<h2>Collection of Component Files used:</h2>
Build Time Elapsed:  00:00:04
</pre>
</body>
</html>
